Archive member included to satisfy reference by file (symbol)

C:/Users/V1n1Paz/.pico-sdk/toolchain/13_3_Rel1/bin/../lib/gcc/arm-none-eabi/13.3.1/thumb/v6-m/nofp\libgcc.a(_dvmd_tls.o)
                              CMakeFiles/Main2.dir/C_/Users/V1n1Paz/.pico-sdk/sdk/2.1.0/src/rp2_common/pico_divider/divider_hardware.S.obj (__aeabi_idiv0)
C:/Users/V1n1Paz/.pico-sdk/toolchain/13_3_Rel1/bin/../lib/gcc/arm-none-eabi/13.3.1/thumb/v6-m/nofp\libg.a(libc_a-calloc.o)
                              CMakeFiles/Main2.dir/C_/Users/V1n1Paz/.pico-sdk/sdk/2.1.0/src/rp2_common/pico_malloc/malloc.c.obj (calloc)
C:/Users/V1n1Paz/.pico-sdk/toolchain/13_3_Rel1/bin/../lib/gcc/arm-none-eabi/13.3.1/thumb/v6-m/nofp\libg.a(libc_a-callocr.o)
                              C:/Users/V1n1Paz/.pico-sdk/toolchain/13_3_Rel1/bin/../lib/gcc/arm-none-eabi/13.3.1/thumb/v6-m/nofp\libg.a(libc_a-calloc.o) (_calloc_r)
C:/Users/V1n1Paz/.pico-sdk/toolchain/13_3_Rel1/bin/../lib/gcc/arm-none-eabi/13.3.1/thumb/v6-m/nofp\libg.a(libc_a-malloc.o)
                              CMakeFiles/Main2.dir/C_/Users/V1n1Paz/.pico-sdk/sdk/2.1.0/src/rp2_common/pico_malloc/malloc.c.obj (malloc)
C:/Users/V1n1Paz/.pico-sdk/toolchain/13_3_Rel1/bin/../lib/gcc/arm-none-eabi/13.3.1/thumb/v6-m/nofp\libg.a(libc_a-mallocr.o)
                              C:/Users/V1n1Paz/.pico-sdk/toolchain/13_3_Rel1/bin/../lib/gcc/arm-none-eabi/13.3.1/thumb/v6-m/nofp\libg.a(libc_a-callocr.o) (_malloc_r)
C:/Users/V1n1Paz/.pico-sdk/toolchain/13_3_Rel1/bin/../lib/gcc/arm-none-eabi/13.3.1/thumb/v6-m/nofp\libg.a(libc_a-mlock.o)
                              C:/Users/V1n1Paz/.pico-sdk/toolchain/13_3_Rel1/bin/../lib/gcc/arm-none-eabi/13.3.1/thumb/v6-m/nofp\libg.a(libc_a-mallocr.o) (__malloc_lock)
C:/Users/V1n1Paz/.pico-sdk/toolchain/13_3_Rel1/bin/../lib/gcc/arm-none-eabi/13.3.1/thumb/v6-m/nofp\libg.a(libc_a-realloc.o)
                              CMakeFiles/Main2.dir/C_/Users/V1n1Paz/.pico-sdk/sdk/2.1.0/src/rp2_common/pico_malloc/malloc.c.obj (realloc)
C:/Users/V1n1Paz/.pico-sdk/toolchain/13_3_Rel1/bin/../lib/gcc/arm-none-eabi/13.3.1/thumb/v6-m/nofp\libg.a(libc_a-reallocr.o)
                              C:/Users/V1n1Paz/.pico-sdk/toolchain/13_3_Rel1/bin/../lib/gcc/arm-none-eabi/13.3.1/thumb/v6-m/nofp\libg.a(libc_a-realloc.o) (_realloc_r)
C:/Users/V1n1Paz/.pico-sdk/toolchain/13_3_Rel1/bin/../lib/gcc/arm-none-eabi/13.3.1/thumb/v6-m/nofp\libg.a(libc_a-memcmp.o)
                              CMakeFiles/Main2.dir/C_/Users/V1n1Paz/.pico-sdk/sdk/2.1.0/src/rp2_common/pico_atomic/atomic.c.obj (memcmp)
C:/Users/V1n1Paz/.pico-sdk/toolchain/13_3_Rel1/bin/../lib/gcc/arm-none-eabi/13.3.1/thumb/v6-m/nofp\libg.a(libc_a-memmove.o)
                              C:/Users/V1n1Paz/.pico-sdk/toolchain/13_3_Rel1/bin/../lib/gcc/arm-none-eabi/13.3.1/thumb/v6-m/nofp\libg.a(libc_a-reallocr.o) (memmove)
C:/Users/V1n1Paz/.pico-sdk/toolchain/13_3_Rel1/bin/../lib/gcc/arm-none-eabi/13.3.1/thumb/v6-m/nofp\libg.a(libc_a-lcltime_r.o)
                              CMakeFiles/Main2.dir/C_/Users/V1n1Paz/.pico-sdk/sdk/2.1.0/src/common/pico_util/datetime.c.obj (localtime_r)
C:/Users/V1n1Paz/.pico-sdk/toolchain/13_3_Rel1/bin/../lib/gcc/arm-none-eabi/13.3.1/thumb/v6-m/nofp\libg.a(libc_a-mktime.o)
                              CMakeFiles/Main2.dir/C_/Users/V1n1Paz/.pico-sdk/sdk/2.1.0/src/common/pico_util/datetime.c.obj (mktime)
C:/Users/V1n1Paz/.pico-sdk/toolchain/13_3_Rel1/bin/../lib/gcc/arm-none-eabi/13.3.1/thumb/v6-m/nofp\libg.a(libc_a-month_lengths.o)
                              C:/Users/V1n1Paz/.pico-sdk/toolchain/13_3_Rel1/bin/../lib/gcc/arm-none-eabi/13.3.1/thumb/v6-m/nofp\libg.a(libc_a-lcltime_r.o) (__month_lengths)
C:/Users/V1n1Paz/.pico-sdk/toolchain/13_3_Rel1/bin/../lib/gcc/arm-none-eabi/13.3.1/thumb/v6-m/nofp\libg.a(libc_a-tzcalc_limits.o)
                              C:/Users/V1n1Paz/.pico-sdk/toolchain/13_3_Rel1/bin/../lib/gcc/arm-none-eabi/13.3.1/thumb/v6-m/nofp\libg.a(libc_a-lcltime_r.o) (__tzcalc_limits)
C:/Users/V1n1Paz/.pico-sdk/toolchain/13_3_Rel1/bin/../lib/gcc/arm-none-eabi/13.3.1/thumb/v6-m/nofp\libg.a(libc_a-tzlock.o)
                              C:/Users/V1n1Paz/.pico-sdk/toolchain/13_3_Rel1/bin/../lib/gcc/arm-none-eabi/13.3.1/thumb/v6-m/nofp\libg.a(libc_a-lcltime_r.o) (__tz_lock)
C:/Users/V1n1Paz/.pico-sdk/toolchain/13_3_Rel1/bin/../lib/gcc/arm-none-eabi/13.3.1/thumb/v6-m/nofp\libg.a(libc_a-tzset.o)
                              C:/Users/V1n1Paz/.pico-sdk/toolchain/13_3_Rel1/bin/../lib/gcc/arm-none-eabi/13.3.1/thumb/v6-m/nofp\libg.a(libc_a-lcltime_r.o) (_tzset_unlocked)
C:/Users/V1n1Paz/.pico-sdk/toolchain/13_3_Rel1/bin/../lib/gcc/arm-none-eabi/13.3.1/thumb/v6-m/nofp\libg.a(libc_a-tzset_r.o)
                              C:/Users/V1n1Paz/.pico-sdk/toolchain/13_3_Rel1/bin/../lib/gcc/arm-none-eabi/13.3.1/thumb/v6-m/nofp\libg.a(libc_a-tzset.o) (_tzset_unlocked_r)
[...]
Memory Configuration

Name             Origin             Length             Attributes
FLASH            0x10000000         0x00200000         xr
RAM              0x20000000         0x00040000         xrw
SCRATCH_X        0x20040000         0x00001000         xrw
SCRATCH_Y        0x20041000         0x00001000         xrw
*default*        0x00000000         0xffffffff

Linker script and memory map

LOAD C:/Users/V1n1Paz/.pico-sdk/toolchain/13_3_Rel1/bin/../lib/gcc/arm-none-eabi/13.3.1/thumb/v6-m/nofp/crti.o
LOAD C:/Users/V1n1Paz/.pico-sdk/toolchain/13_3_Rel1/bin/../lib/gcc/arm-none-eabi/13.3.1/thumb/v6-m/nofp/crtbegin.o
LOAD C:/Users/V1n1Paz/.pico-sdk/toolchain/13_3_Rel1/bin/../lib/gcc/arm-none-eabi/13.3.1/thumb/v6-m/nofp/crt0.o

.flash_begin    0x10000000        0x0
                0x10000000                        __flash_binary_start = .

.boot2          0x10000000      0x100
                0x10000000                        __boot2_start__ = .
 *(.boot2)
 .boot2         0x10000000      0x100 pico-sdk/src/rp2040/boot_stage2/CMakeFiles/bs2_default_library.dir/./bs2_default_padded_checksummed.S.obj
                0x10000100                        __boot2_end__ = .
                0x00000001                        ASSERT (((__boot2_end__ - __boot2_start__) == 0x100), ERROR: Pico second stage bootloader must be 256 bytes in size)

.text           0x10000100     0x1650
                0x10000100                        __logical_binary_start = .
 *(.vectors)
 .vectors       0x10000100       0xd4 CMakeFiles/Main2.dir/C_/Users/V1n1Paz/.pico-sdk/sdk/2.1.0/src/rp2_common/pico_crt0/crt0.S.obj
                0x10000100                __VECTOR_TABLE
                0x10000100                __vectors
                0x100001c0                isr_invalid
                0x100001c0                __default_isrs_start
                0x100001c2                isr_nmi
                0x100001c4                isr_hardfault
                0x100001c6                isr_svcall
                0x100001c8                isr_pendsv
                0x100001ca                isr_systick
                0x100001cc                isr_irq23
                0x100001cc                isr_irq18
                0x100001cc                isr_irq11
                0x100001cc                isr_irq28
                0x100001cc                isr_irq19
                0x100001cc                isr_irq0
                0x100001cc                isr_irq6
                0x100001cc                isr_irq5
                0x100001cc                isr_irq12
                0x100001cc                isr_irq22
                0x100001cc                isr_irq31
                0x100001cc                isr_irq17
                0x100001cc                isr_irq27
                0x100001cc                isr_irq30
                0x100001cc                isr_irq2
                0x100001cc                isr_irq10
                0x100001cc                isr_irq8
                0x100001cc                isr_irq24
                0x100001cc                isr_irq1
                0x100001cc                isr_irq7
                0x100001cc                isr_irq21
                0x100001cc                isr_irq20
                0x100001cc                isr_irq15
                0x100001cc                isr_irq25
                0x100001cc                isr_irq13
                0x100001cc                __unhandled_user_irq
                0x100001cc                isr_irq4
                0x100001cc                isr_irq16
                0x100001cc                isr_irq29
                0x100001cc                isr_irq26
                0x100001cc                __default_isrs_end
                0x100001cc                isr_irq3
                0x100001cc                isr_irq14
                0x100001cc                isr_irq9
                0x100001d2                unhandled_user_irq_num_in_r0
 *(.binary_info_header)
 .binary_info_header
                0x100001d4       0x14 CMakeFiles/Main2.dir/C_/Users/V1n1Paz/.pico-sdk/sdk/2.1.0/src/rp2_common/pico_crt0/crt0.S.obj
                0x100001e8                        __binary_info_header_end = .
 *(.embedded_block)
                0x100001e8                        __embedded_block_end = .
 *(.reset)
 .reset         0x100001e8       0x9c CMakeFiles/Main2.dir/C_/Users/V1n1Paz/.pico-sdk/sdk/2.1.0/src/rp2_common/pico_crt0/crt0.S.obj
                0x100001e8                _entry_point
 *(.init)
 .init          0x10000284        0x4 C:/Users/V1n1Paz/.pico-sdk/toolchain/13_3_Rel1/bin/../lib/gcc/arm-none-eabi/13.3.1/thumb/v6-m/nofp/crti.o
                0x10000284                _init
 *(EXCLUDE_FILE(*libm.a: *libc.a:*lib_a-mem*.o *libgcc.a:) .text*)
 .text.register_tm_clones
                0x10000288       0x28 C:/Users/V1n1Paz/.pico-sdk/toolchain/13_3_Rel1/bin/../lib/gcc/arm-none-eabi/13.3.1/thumb/v6-m/nofp/crtbegin.o
 .text.frame_dummy
                0x100002b0       0x24 C:/Users/V1n1Paz/.pico-sdk/toolchain/13_3_Rel1/bin/../lib/gcc/arm-none-eabi/13.3.1/thumb/v6-m/nofp/crtbegin.o
 .text.enviar_sos
                0x100002d4       0x7c CMakeFiles/Main2.dir/Main2.c.obj
                0x100002d4                enviar_sos
 .text.startup.main
                0x10000350       0x1c CMakeFiles/Main2.dir/Main2.c.obj
                0x10000350                main
 .text.gpio_init
                0x1000036c       0x40 CMakeFiles/Main2.dir/C_/Users/V1n1Paz/.pico-sdk/sdk/2.1.0/src/rp2_common/hardware_gpio/gpio.c.obj
                0x1000036c                gpio_init
 .text.panic    0x100003ac       0x30 CMakeFiles/Main2.dir/C_/Users/V1n1Paz/.pico-sdk/sdk/2.1.0/src/rp2_common/pico_platform_panic/panic.c.obj
                0x100003ac                panic
 .text.hw_claim_or_assert
                0x100003dc       0x44 CMakeFiles/Main2.dir/C_/Users/V1n1Paz/.pico-sdk/sdk/2.1.0/src/common/hardware_claim/claim.c.obj
                0x100003dc                hw_claim_or_assert
 .text.next_striped_spin_lock_num
                0x10000420       0x18 CMakeFiles/Main2.dir/C_/Users/V1n1Paz/.pico-sdk/sdk/2.1.0/src/rp2_common/hardware_sync/sync.c.obj
                0x10000420                next_striped_spin_lock_num
 .text.spin_locks_reset
                0x10000438       0x1c CMakeFiles/Main2.dir/C_/Users/V1n1Paz/.pico-sdk/sdk/2.1.0/src/rp2_common/hardware_sync_spin_lock/sync_spin_lock.c.obj
                0x10000438                spin_locks_reset
 .text.runtime_init_per_core_irq_priorities
                0x10000454       0x24 CMakeFiles/Main2.dir/C_/Users/V1n1Paz/.pico-sdk/sdk/2.1.0/src/rp2_common/hardware_irq/irq.c.obj
                0x10000454                runtime_init_per_core_irq_priorities
 .text.irq_set_enabled
                0x10000478       0x24 CMakeFiles/Main2.dir/C_/Users/V1n1Paz/.pico-sdk/sdk/2.1.0/src/rp2_common/hardware_irq/irq.c.obj
                0x10000478                irq_set_enabled
 .text.irq_set_exclusive_handler
                0x1000049c       0x54 CMakeFiles/Main2.dir/C_/Users/V1n1Paz/.pico-sdk/sdk/2.1.0/src/rp2_common/hardware_irq/irq.c.obj
                0x1000049c                irq_set_exclusive_handler
 .text.lock_init
                0x100004f0       0x10 CMakeFiles/Main2.dir/C_/Users/V1n1Paz/.pico-sdk/sdk/2.1.0/src/common/pico_sync/lock_core.c.obj
                0x100004f0                lock_init
 .text.runtime_init_mutex
                0x10000500       0x50 CMakeFiles/Main2.dir/C_/Users/V1n1Paz/.pico-sdk/sdk/2.1.0/src/common/pico_sync/mutex.c.obj
                0x10000500                runtime_init_mutex
 .text.sleep_until_callback
                0x10000550       0x30 CMakeFiles/Main2.dir/C_/Users/V1n1Paz/.pico-sdk/sdk/2.1.0/src/common/pico_time/time.c.obj
 .text.alarm_pool_irq_handler
                0x10000580      0x2fc CMakeFiles/Main2.dir/C_/Users/V1n1Paz/.pico-sdk/sdk/2.1.0/src/common/pico_time/time.c.obj
 .text.runtime_init_default_alarm_pool
                0x1000087c       0xdc CMakeFiles/Main2.dir/C_/Users/V1n1Paz/.pico-sdk/sdk/2.1.0/src/common/pico_time/time.c.obj
                0x1000087c                runtime_init_default_alarm_pool
 .text.alarm_pool_add_alarm_at_force_in_context
                0x10000958       0xb0 CMakeFiles/Main2.dir/C_/Users/V1n1Paz/.pico-sdk/sdk/2.1.0/src/common/pico_time/time.c.obj
                0x10000958                alarm_pool_add_alarm_at_force_in_context
 .text.alarm_pool_cancel_alarm
                0x10000a08       0x74 CMakeFiles/Main2.dir/C_/Users/V1n1Paz/.pico-sdk/sdk/2.1.0/src/common/pico_time/time.c.obj
                0x10000a08                alarm_pool_cancel_alarm
 .text.sleep_until
                0x10000a7c       0xd8 CMakeFiles/Main2.dir/C_/Users/V1n1Paz/.pico-sdk/sdk/2.1.0/src/common/pico_time/time.c.obj
                0x10000a7c                sleep_until
 .text.sleep_ms
                0x10000b54       0x38 CMakeFiles/Main2.dir/C_/Users/V1n1Paz/.pico-sdk/sdk/2.1.0/src/common/pico_time/time.c.obj
                0x10000b54                sleep_ms
 .text.best_effort_wfe_or_timeout
                0x10000b8c       0xe0 CMakeFiles/Main2.dir/C_/Users/V1n1Paz/.pico-sdk/sdk/2.1.0/src/common/pico_time/time.c.obj
                0x10000b8c                best_effort_wfe_or_timeout
 .text.timer_hardware_alarm_claim
                0x10000c6c       0x14 CMakeFiles/Main2.dir/C_/Users/V1n1Paz/.pico-sdk/sdk/2.1.0/src/rp2_common/hardware_timer/timer.c.obj
                0x10000c6c                timer_hardware_alarm_claim
 .text.timer_time_us_64
                0x10000c80       0x10 CMakeFiles/Main2.dir/C_/Users/V1n1Paz/.pico-sdk/sdk/2.1.0/src/rp2_common/hardware_timer/timer.c.obj
                0x10000c80                timer_time_us_64
 .text.time_us_64
                0x10000c90       0x14 CMakeFiles/Main2.dir/C_/Users/V1n1Paz/.pico-sdk/sdk/2.1.0/src/rp2_common/hardware_timer/timer.c.obj
                0x10000c90                time_us_64
 .text.busy_wait_until
                0x10000ca4       0x20 CMakeFiles/Main2.dir/C_/Users/V1n1Paz/.pico-sdk/sdk/2.1.0/src/rp2_common/hardware_timer/timer.c.obj
                0x10000ca4                busy_wait_until
 .text.clock_configure_int_divider
                0x10000cc4       0xf4 CMakeFiles/Main2.dir/C_/Users/V1n1Paz/.pico-sdk/sdk/2.1.0/src/rp2_common/hardware_clocks/clocks.c.obj
                0x10000cc4                clock_configure_int_divider
 .text.clock_configure_undivided
                0x10000db8       0xe8 CMakeFiles/Main2.dir/C_/Users/V1n1Paz/.pico-sdk/sdk/2.1.0/src/rp2_common/hardware_clocks/clocks.c.obj
                0x10000db8                clock_configure_undivided
 .text.clock_get_hz
                0x10000ea0        0xc CMakeFiles/Main2.dir/C_/Users/V1n1Paz/.pico-sdk/sdk/2.1.0/src/rp2_common/hardware_clocks/clocks.c.obj
                0x10000ea0                clock_get_hz
 .text.pll_init
                0x10000eac       0xa4 CMakeFiles/Main2.dir/C_/Users/V1n1Paz/.pico-sdk/sdk/2.1.0/src/rp2_common/hardware_pll/pll.c.obj
                0x10000eac                pll_init
 .text.tick_start
                0x10000f50       0x10 CMakeFiles/Main2.dir/C_/Users/V1n1Paz/.pico-sdk/sdk/2.1.0/src/rp2_common/hardware_ticks/ticks.c.obj
                0x10000f50                tick_start
 .text.rom_func_lookup
                0x10000f60       0x10 CMakeFiles/Main2.dir/C_/Users/V1n1Paz/.pico-sdk/sdk/2.1.0/src/rp2_common/pico_bootrom/bootrom.c.obj
                0x10000f60                rom_func_lookup
 .text.rom_data_lookup
                0x10000f70       0x10 CMakeFiles/Main2.dir/C_/Users/V1n1Paz/.pico-sdk/sdk/2.1.0/src/rp2_common/pico_bootrom/bootrom.c.obj
                0x10000f70                rom_data_lookup
 .text.rom_funcs_lookup
                0x10000f80       0x44 CMakeFiles/Main2.dir/C_/Users/V1n1Paz/.pico-sdk/sdk/2.1.0/src/rp2_common/pico_bootrom/bootrom.c.obj
                0x10000f80                rom_funcs_lookup
 .text.xosc_init
                0x10000fc4       0x28 CMakeFiles/Main2.dir/C_/Users/V1n1Paz/.pico-sdk/sdk/2.1.0/src/rp2_common/hardware_xosc/xosc.c.obj
                0x10000fc4                xosc_init
 .text.first_per_core_initializer
                0x10000fec        0x4 CMakeFiles/Main2.dir/C_/Users/V1n1Paz/.pico-sdk/sdk/2.1.0/src/rp2_common/pico_runtime/runtime.c.obj
 .text.hard_assertion_failure
                0x10000ff0        0xc CMakeFiles/Main2.dir/C_/Users/V1n1Paz/.pico-sdk/sdk/2.1.0/src/rp2_common/pico_runtime/runtime.c.obj
                0x10000ff0                hard_assertion_failure
 .text.runtime_run_initializers
                0x10000ffc       0x28 CMakeFiles/Main2.dir/C_/Users/V1n1Paz/.pico-sdk/sdk/2.1.0/src/rp2_common/pico_runtime/runtime.c.obj
                0x10000ffc                runtime_run_initializers
 .text.runtime_init_early_resets
                0x10001024       0x2c CMakeFiles/Main2.dir/C_/Users/V1n1Paz/.pico-sdk/sdk/2.1.0/src/rp2_common/pico_runtime_init/runtime_init.c.obj
                0x10001024                runtime_init_early_resets
 .text.runtime_init_usb_power_down
                0x10001050       0x1c CMakeFiles/Main2.dir/C_/Users/V1n1Paz/.pico-sdk/sdk/2.1.0/src/rp2_common/pico_runtime_init/runtime_init.c.obj
                0x10001050                runtime_init_usb_power_down
 .text.runtime_init_post_clock_resets
                0x1000106c       0x20 CMakeFiles/Main2.dir/C_/Users/V1n1Paz/.pico-sdk/sdk/2.1.0/src/rp2_common/pico_runtime_init/runtime_init.c.obj
                0x1000106c                runtime_init_post_clock_resets
 .text.runtime_init_rp2040_gpio_ie_disable
                0x1000108c       0x14 CMakeFiles/Main2.dir/C_/Users/V1n1Paz/.pico-sdk/sdk/2.1.0/src/rp2_common/pico_runtime_init/runtime_init.c.obj
                0x1000108c                runtime_init_rp2040_gpio_ie_disable
 .text.runtime_init_spin_locks_reset
                0x100010a0        0x8 CMakeFiles/Main2.dir/C_/Users/V1n1Paz/.pico-sdk/sdk/2.1.0/src/rp2_common/pico_runtime_init/runtime_init.c.obj
                0x100010a0                runtime_init_spin_locks_reset
 .text.runtime_init_install_ram_vector_table
                0x100010a8       0x1c CMakeFiles/Main2.dir/C_/Users/V1n1Paz/.pico-sdk/sdk/2.1.0/src/rp2_common/pico_runtime_init/runtime_init.c.obj
                0x100010a8                runtime_init_install_ram_vector_table
 .text.runtime_init_clocks
                0x100010c4       0xd8 CMakeFiles/Main2.dir/C_/Users/V1n1Paz/.pico-sdk/sdk/2.1.0/src/rp2_common/pico_runtime_init/runtime_init_clocks.c.obj
                0x100010c4                runtime_init_clocks
 .text          0x1000119c       0x10 CMakeFiles/Main2.dir/C_/Users/V1n1Paz/.pico-sdk/sdk/2.1.0/src/rp2_common/pico_bit_ops/bit_ops_aeabi.S.obj
 .text.__wrap___aeabi_uidiv
                0x100011ac       0x4c CMakeFiles/Main2.dir/C_/Users/V1n1Paz/.pico-sdk/sdk/2.1.0/src/rp2_common/pico_divider/divider_hardware.S.obj
                0x100011ac                __wrap___aeabi_uidiv
                0x100011ac                __wrap___aeabi_uidivmod
                0x100011ac                div_u32u32
                0x100011ac                divmod_u32u32
                0x100011b4                divmod_u32u32_unsafe
                0x100011dc                divmod_u32u32_savestate
 .text.missing_double_func_shim
                0x100011f8        0xc CMakeFiles/Main2.dir/C_/Users/V1n1Paz/.pico-sdk/sdk/2.1.0/src/rp2_common/pico_double/double_init_rom_rp2040.c.obj
 .text.__aeabi_double_init
                0x10001204       0xa0 CMakeFiles/Main2.dir/C_/Users/V1n1Paz/.pico-sdk/sdk/2.1.0/src/rp2_common/pico_double/double_init_rom_rp2040.c.obj
                0x10001204                __aeabi_double_init
 .text.double_table_shim_on_use_helper
                0x100012a4       0x2c CMakeFiles/Main2.dir/C_/Users/V1n1Paz/.pico-sdk/sdk/2.1.0/src/rp2_common/pico_double/double_v1_rom_shim_rp2040.S.obj
                0x100012a4                double_table_shim_on_use_helper
 .text.__aeabi_lmul
                0x100012d0       0x32 CMakeFiles/Main2.dir/C_/Users/V1n1Paz/.pico-sdk/sdk/2.1.0/src/rp2_common/pico_int64_ops/pico_int64_ops_aeabi.S.obj
                0x100012d0                __wrap___aeabi_lmul
 *fill*         0x10001302        0x2 
 .text.missing_float_func_shim
                0x10001304        0xc CMakeFiles/Main2.dir/C_/Users/V1n1Paz/.pico-sdk/sdk/2.1.0/src/rp2_common/pico_float/float_init_rom_rp2040.c.obj
 .text.__aeabi_float_init
                0x10001310       0x5c CMakeFiles/Main2.dir/C_/Users/V1n1Paz/.pico-sdk/sdk/2.1.0/src/rp2_common/pico_float/float_init_rom_rp2040.c.obj
                0x10001310                __aeabi_float_init
 .text          0x1000136c       0x10 CMakeFiles/Main2.dir/C_/Users/V1n1Paz/.pico-sdk/sdk/2.1.0/src/rp2_common/pico_mem_ops/mem_ops_aeabi.S.obj
                0x1000136c                __aeabi_mem_init
 .text.memcpy   0x1000137c        0xc CMakeFiles/Main2.dir/C_/Users/V1n1Paz/.pico-sdk/sdk/2.1.0/src/rp2_common/pico_mem_ops/mem_ops_aeabi.S.obj
                0x1000137c                __wrap_memcpy
                0x1000137c                __wrap___aeabi_memcpy
 .text._out_char
                0x10001388       0x10 CMakeFiles/Main2.dir/C_/Users/V1n1Paz/.pico-sdk/sdk/2.1.0/src/rp2_common/pico_printf/printf.c.obj
 .text.weak_raw_vprintf
                0x10001398       0x30 CMakeFiles/Main2.dir/C_/Users/V1n1Paz/.pico-sdk/sdk/2.1.0/src/rp2_common/pico_printf/printf.c.obj
                0x10001398                weak_raw_vprintf
 .text._exit    0x100013c8        0x4 CMakeFiles/Main2.dir/C_/Users/V1n1Paz/.pico-sdk/sdk/2.1.0/src/rp2_common/pico_clib_interface/newlib_interface.c.obj
                0x100013c8                _exit
 .text.exit     0x100013cc        0x8 CMakeFiles/Main2.dir/C_/Users/V1n1Paz/.pico-sdk/sdk/2.1.0/src/rp2_common/pico_clib_interface/newlib_interface.c.obj
                0x100013cc                exit
 .text.runtime_init
                0x100013d4       0x2c CMakeFiles/Main2.dir/C_/Users/V1n1Paz/.pico-sdk/sdk/2.1.0/src/rp2_common/pico_clib_interface/newlib_interface.c.obj
                0x100013d4                runtime_init
 .text.stdio_out_chars_no_crlf
                0x10001400       0x10 CMakeFiles/Main2.dir/C_/Users/V1n1Paz/.pico-sdk/sdk/2.1.0/src/rp2_common/pico_stdio/stdio.c.obj
 .text.stdio_out_chars_crlf
                0x10001410       0x94 CMakeFiles/Main2.dir/C_/Users/V1n1Paz/.pico-sdk/sdk/2.1.0/src/rp2_common/pico_stdio/stdio.c.obj
 .text.stdio_put_string
                0x100014a4      0x100 CMakeFiles/Main2.dir/C_/Users/V1n1Paz/.pico-sdk/sdk/2.1.0/src/rp2_common/pico_stdio/stdio.c.obj
                0x100014a4                stdio_put_string
 .text.stdio_init_all
                0x100015a4        0x4 CMakeFiles/Main2.dir/C_/Users/V1n1Paz/.pico-sdk/sdk/2.1.0/src/rp2_common/pico_stdio/stdio.c.obj
                0x100015a4                stdio_init_all
 .text.__wrap_putchar
                0x100015a8       0x98 CMakeFiles/Main2.dir/C_/Users/V1n1Paz/.pico-sdk/sdk/2.1.0/src/rp2_common/pico_stdio/stdio.c.obj
                0x100015a8                __wrap_putchar
                0x100015a8                stdio_putchar
 .text.__wrap_puts
                0x10001640       0x3c CMakeFiles/Main2.dir/C_/Users/V1n1Paz/.pico-sdk/sdk/2.1.0/src/rp2_common/pico_stdio/stdio.c.obj
                0x10001640                stdio_puts
                0x10001640                __wrap_puts
 .text.strlen   0x1000167c       0x5c C:/Users/V1n1Paz/.pico-sdk/toolchain/13_3_Rel1/bin/../lib/gcc/arm-none-eabi/13.3.1/thumb/v6-m/nofp\libg.a(libc_a-strlen-stub.o)
                0x1000167c                strlen
 *(.fini)
 .fini          0x100016d8        0x4 C:/Users/V1n1Paz/.pico-sdk/toolchain/13_3_Rel1/bin/../lib/gcc/arm-none-eabi/13.3.1/thumb/v6-m/nofp/crti.o
                0x100016d8                _fini
 *fill*         0x100016dc        0x4 
 .fini.__stub   0x100016e0       0x30 linker stubs
 *crtbegin.o(.ctors)
 *crtbegin?.o(.ctors)
 *(EXCLUDE_FILE(*crtend.o *crtend?.o) .ctors)
 *(SORT_BY_NAME(.ctors.*))
 *(.ctors)
 *crtbegin.o(.dtors)
 *crtbegin?.o(.dtors)
 *(EXCLUDE_FILE(*crtend.o *crtend?.o) .dtors)
 *(SORT_BY_NAME(.dtors.*))
 *(.dtors)
                0x10001710                        . = ALIGN (0x4)
                0x10001710                        PROVIDE (__preinit_array_start = .)
 *(SORT_BY_NAME(.preinit_array.*))
 .preinit_array.00100
                0x10001710        0x4 CMakeFiles/Main2.dir/C_/Users/V1n1Paz/.pico-sdk/sdk/2.1.0/src/rp2_common/pico_runtime_init/runtime_init.c.obj
                0x10001710                __pre_init_runtime_init_early_resets
 .preinit_array.00101
                0x10001714        0x4 CMakeFiles/Main2.dir/C_/Users/V1n1Paz/.pico-sdk/sdk/2.1.0/src/rp2_common/pico_runtime_init/runtime_init.c.obj
                0x10001714                __pre_init_runtime_init_usb_power_down
 .preinit_array.00275
                0x10001718        0x4 CMakeFiles/Main2.dir/C_/Users/V1n1Paz/.pico-sdk/sdk/2.1.0/src/rp2_common/pico_bit_ops/bit_ops_aeabi.S.obj
 .preinit_array.00300
                0x1000171c        0x4 CMakeFiles/Main2.dir/C_/Users/V1n1Paz/.pico-sdk/sdk/2.1.0/src/rp2_common/pico_mem_ops/mem_ops_aeabi.S.obj
 .preinit_array.00350
                0x10001720        0x4 CMakeFiles/Main2.dir/C_/Users/V1n1Paz/.pico-sdk/sdk/2.1.0/src/rp2_common/pico_double/double_aeabi_rp2040.S.obj
 .preinit_array.00350
                0x10001724        0x4 CMakeFiles/Main2.dir/C_/Users/V1n1Paz/.pico-sdk/sdk/2.1.0/src/rp2_common/pico_float/float_aeabi_rp2040.S.obj
 .preinit_array.00500
                0x10001728        0x4 CMakeFiles/Main2.dir/C_/Users/V1n1Paz/.pico-sdk/sdk/2.1.0/src/rp2_common/pico_runtime_init/runtime_init.c.obj
                0x10001728                __pre_init_runtime_init_clocks
 .preinit_array.00600
                0x1000172c        0x4 CMakeFiles/Main2.dir/C_/Users/V1n1Paz/.pico-sdk/sdk/2.1.0/src/rp2_common/pico_runtime_init/runtime_init.c.obj
                0x1000172c                __pre_init_runtime_init_post_clock_resets
 .preinit_array.00700
                0x10001730        0x4 CMakeFiles/Main2.dir/C_/Users/V1n1Paz/.pico-sdk/sdk/2.1.0/src/rp2_common/pico_runtime_init/runtime_init.c.obj
                0x10001730                __pre_init_runtime_init_rp2040_gpio_ie_disable
 .preinit_array.01000
                0x10001734        0x4 CMakeFiles/Main2.dir/C_/Users/V1n1Paz/.pico-sdk/sdk/2.1.0/src/rp2_common/pico_runtime_init/runtime_init.c.obj
                0x10001734                __pre_init_runtime_init_spin_locks_reset
 .preinit_array.01100
                0x10001738        0x4 CMakeFiles/Main2.dir/C_/Users/V1n1Paz/.pico-sdk/sdk/2.1.0/src/common/pico_sync/mutex.c.obj
                0x10001738                __pre_init_runtime_init_mutex
 .preinit_array.10080
                0x1000173c        0x4 CMakeFiles/Main2.dir/C_/Users/V1n1Paz/.pico-sdk/sdk/2.1.0/src/rp2_common/pico_runtime_init/runtime_init.c.obj
                0x1000173c                __pre_init_runtime_init_install_ram_vector_table
 .preinit_array.11000
                0x10001740        0x4 CMakeFiles/Main2.dir/C_/Users/V1n1Paz/.pico-sdk/sdk/2.1.0/src/common/pico_time/time.c.obj
                0x10001740                __pre_init_runtime_init_default_alarm_pool
 .preinit_array.YYYYY
                0x10001744        0x4 CMakeFiles/Main2.dir/C_/Users/V1n1Paz/.pico-sdk/sdk/2.1.0/src/rp2_common/pico_runtime/runtime.c.obj
                0x10001744                __pre_init_first_per_core_initializer
 .preinit_array.ZZZZZ.01200
                0x10001748        0x4 CMakeFiles/Main2.dir/C_/Users/V1n1Paz/.pico-sdk/sdk/2.1.0/src/rp2_common/hardware_irq/irq.c.obj
                0x10001748                __pre_init_runtime_init_per_core_irq_priorities
 *(.preinit_array)
                0x1000174c                        PROVIDE (__preinit_array_end = .)
                0x1000174c                        . = ALIGN (0x4)
                0x1000174c                        PROVIDE (__init_array_start = .)
 *(SORT_BY_NAME(.init_array.*))
 *(.init_array)
 .init_array    0x1000174c        0x4 C:/Users/V1n1Paz/.pico-sdk/toolchain/13_3_Rel1/bin/../lib/gcc/arm-none-eabi/13.3.1/thumb/v6-m/nofp/crtbegin.o
                0x10001750                        PROVIDE (__init_array_end = .)
                0x10001750                        . = ALIGN (0x4)
                [!provide]                        PROVIDE (__fini_array_start = .)
 *(SORT_BY_NAME(.fini_array.*))
 *(.fini_array)
                [!provide]                        PROVIDE (__fini_array_end = .)
 *(.eh_frame*)
 .eh_frame      0x10001750        0x0 C:/Users/V1n1Paz/.pico-sdk/toolchain/13_3_Rel1/bin/../lib/gcc/arm-none-eabi/13.3.1/thumb/v6-m/nofp/crtbegin.o
                0x10001750                        . = ALIGN (0x4)

.glue_7         0x10001750        0x0
 .glue_7        0x10001750        0x0 linker stubs

.glue_7t        0x10001750        0x0
 .glue_7t       0x10001750        0x0 linker stubs

.vfp11_veneer   0x10001750        0x0
 .vfp11_veneer  0x10001750        0x0 linker stubs

.v4_bx          0x10001750        0x0
 .v4_bx         0x10001750        0x0 linker stubs

.iplt           0x10001750        0x0
 .iplt          0x10001750        0x0 C:/Users/V1n1Paz/.pico-sdk/toolchain/13_3_Rel1/bin/../lib/gcc/arm-none-eabi/13.3.1/thumb/v6-m/nofp/crtbegin.o

.rodata         0x10001750      0x104
 *(EXCLUDE_FILE(*libm.a: *libc.a:*lib_a-mem*.o *libgcc.a:) .rodata*)
 .rodata.panic.str1.4
                0x10001750       0xa0 CMakeFiles/Main2.dir/C_/Users/V1n1Paz/.pico-sdk/sdk/2.1.0/src/rp2_common/pico_platform_panic/panic.c.obj
                                 0x12 (size before relaxing)
 .rodata.timer_hardware_alarm_claim.str1.4
                0x100017f0       0x22 CMakeFiles/Main2.dir/C_/Users/V1n1Paz/.pico-sdk/sdk/2.1.0/src/rp2_common/hardware_timer/timer.c.obj
 .rodata.hard_assertion_failure.str1.4
                0x100017f0        0xc CMakeFiles/Main2.dir/C_/Users/V1n1Paz/.pico-sdk/sdk/2.1.0/src/rp2_common/pico_runtime/runtime.c.obj
 .rodata.missing_double_func_shim.str1.4
                0x100017f0       0x18 CMakeFiles/Main2.dir/C_/Users/V1n1Paz/.pico-sdk/sdk/2.1.0/src/rp2_common/pico_double/double_init_rom_rp2040.c.obj
 .rodata.missing_float_func_shim.str1.4
                0x100017f0        0x1 CMakeFiles/Main2.dir/C_/Users/V1n1Paz/.pico-sdk/sdk/2.1.0/src/rp2_common/pico_float/float_init_rom_rp2040.c.obj
 .rodata.str1.4
                0x100017f0       0x40 CMakeFiles/Main2.dir/C_/Users/V1n1Paz/.pico-sdk/sdk/2.1.0/src/rp2_common/pico_standard_binary_info/standard_binary_info.c.obj
 .rodata.__bi_84
                0x100017f0        0xc CMakeFiles/Main2.dir/C_/Users/V1n1Paz/.pico-sdk/sdk/2.1.0/src/rp2_common/pico_standard_binary_info/standard_binary_info.c.obj
 .rodata.__bi_78
                0x100017fc        0xc CMakeFiles/Main2.dir/C_/Users/V1n1Paz/.pico-sdk/sdk/2.1.0/src/rp2_common/pico_standard_binary_info/standard_binary_info.c.obj
 .rodata.__bi_60
                0x10001808        0xc CMakeFiles/Main2.dir/C_/Users/V1n1Paz/.pico-sdk/sdk/2.1.0/src/rp2_common/pico_standard_binary_info/standard_binary_info.c.obj
 .rodata.__bi_54
                0x10001814        0xc CMakeFiles/Main2.dir/C_/Users/V1n1Paz/.pico-sdk/sdk/2.1.0/src/rp2_common/pico_standard_binary_info/standard_binary_info.c.obj
 .rodata.__bi_48
                0x10001820        0xc CMakeFiles/Main2.dir/C_/Users/V1n1Paz/.pico-sdk/sdk/2.1.0/src/rp2_common/pico_standard_binary_info/standard_binary_info.c.obj
 .rodata.__bi_42
                0x1000182c        0xc CMakeFiles/Main2.dir/C_/Users/V1n1Paz/.pico-sdk/sdk/2.1.0/src/rp2_common/pico_standard_binary_info/standard_binary_info.c.obj
 .rodata.__bi_34
                0x10001838        0xc CMakeFiles/Main2.dir/C_/Users/V1n1Paz/.pico-sdk/sdk/2.1.0/src/rp2_common/pico_standard_binary_info/standard_binary_info.c.obj
 .rodata.__bi_26
                0x10001844        0xc CMakeFiles/Main2.dir/C_/Users/V1n1Paz/.pico-sdk/sdk/2.1.0/src/rp2_common/pico_standard_binary_info/standard_binary_info.c.obj
 .rodata.crlf_str.0
                0x10001850        0x2 CMakeFiles/Main2.dir/C_/Users/V1n1Paz/.pico-sdk/sdk/2.1.0/src/rp2_common/pico_stdio/stdio.c.obj
                0x10001854                        . = ALIGN (0x4)
 *fill*         0x10001852        0x2 
 *(SORT_BY_ALIGNMENT(SORT_BY_NAME(.flashdata*)))
                0x10001854                        . = ALIGN (0x4)

.ARM.extab
 *(.ARM.extab* .gnu.linkonce.armextab.*)
                0x10001854                        __exidx_start = .

.ARM.exidx
 *(.ARM.exidx* .gnu.linkonce.armexidx.*)
                0x10001854                        __exidx_end = .
                0x10001854                        . = ALIGN (0x4)
                0x10001854                        __binary_info_start = .

.binary_info    0x10001854       0x20
 *(.binary_info.keep.*)
 .binary_info.keep.__bi_ptr84
                0x10001854        0x4 CMakeFiles/Main2.dir/C_/Users/V1n1Paz/.pico-sdk/sdk/2.1.0/src/rp2_common/pico_standard_binary_info/standard_binary_info.c.obj
 .binary_info.keep.__bi_ptr78
                0x10001858        0x4 CMakeFiles/Main2.dir/C_/Users/V1n1Paz/.pico-sdk/sdk/2.1.0/src/rp2_common/pico_standard_binary_info/standard_binary_info.c.obj
 .binary_info.keep.__bi_ptr60
                0x1000185c        0x4 CMakeFiles/Main2.dir/C_/Users/V1n1Paz/.pico-sdk/sdk/2.1.0/src/rp2_common/pico_standard_binary_info/standard_binary_info.c.obj
 .binary_info.keep.__bi_ptr54
                0x10001860        0x4 CMakeFiles/Main2.dir/C_/Users/V1n1Paz/.pico-sdk/sdk/2.1.0/src/rp2_common/pico_standard_binary_info/standard_binary_info.c.obj
 .binary_info.keep.__bi_ptr48
                0x10001864        0x4 CMakeFiles/Main2.dir/C_/Users/V1n1Paz/.pico-sdk/sdk/2.1.0/src/rp2_common/pico_standard_binary_info/standard_binary_info.c.obj
 .binary_info.keep.__bi_ptr42
                0x10001868        0x4 CMakeFiles/Main2.dir/C_/Users/V1n1Paz/.pico-sdk/sdk/2.1.0/src/rp2_common/pico_standard_binary_info/standard_binary_info.c.obj
 .binary_info.keep.__bi_ptr34
                0x1000186c        0x4 CMakeFiles/Main2.dir/C_/Users/V1n1Paz/.pico-sdk/sdk/2.1.0/src/rp2_common/pico_standard_binary_info/standard_binary_info.c.obj
 .binary_info.keep.__bi_ptr26
                0x10001870        0x4 CMakeFiles/Main2.dir/C_/Users/V1n1Paz/.pico-sdk/sdk/2.1.0/src/rp2_common/pico_standard_binary_info/standard_binary_info.c.obj
 *(.binary_info.*)
                0x10001874                        __binary_info_end = .

.rel.dyn        0x10001874        0x0
 .rel.iplt      0x10001874        0x0 C:/Users/V1n1Paz/.pico-sdk/toolchain/13_3_Rel1/bin/../lib/gcc/arm-none-eabi/13.3.1/thumb/v6-m/nofp/crtbegin.o
                0x10001874                        . = ALIGN (0x4)

.ram_vector_table
                0x20000000       0xc0
 *(.ram_vector_table)
 .ram_vector_table
                0x20000000       0xc0 CMakeFiles/Main2.dir/C_/Users/V1n1Paz/.pico-sdk/sdk/2.1.0/src/rp2_common/pico_runtime_init/runtime_init.c.obj
                0x20000000                ram_vector_table

.uninitialized_data
                0x200000c0        0x0
                0x200000c0                        . = ALIGN (0x4)
 *(.uninitialized_data*)

.data           0x200000c0      0x128 load address 0x10001874
                0x200000c0                        __data_start__ = .
 *(vtable)
 *(.time_critical*)
 .time_critical.mutex_try_enter_block_until
                0x200000c0       0x9c CMakeFiles/Main2.dir/C_/Users/V1n1Paz/.pico-sdk/sdk/2.1.0/src/common/pico_sync/mutex.c.obj
                0x200000c0                mutex_try_enter_block_until
 .time_critical.mutex_exit
                0x2000015c       0x28 CMakeFiles/Main2.dir/C_/Users/V1n1Paz/.pico-sdk/sdk/2.1.0/src/common/pico_sync/mutex.c.obj
                0x2000015c                mutex_exit
 *(.text*)
 .text          0x20000184        0x4 C:/Users/V1n1Paz/.pico-sdk/toolchain/13_3_Rel1/bin/../lib/gcc/arm-none-eabi/13.3.1/thumb/v6-m/nofp\libgcc.a(_dvmd_tls.o)
                0x20000184                __aeabi_idiv0
                0x20000184                __aeabi_ldiv0
 .text.__stub   0x20000188       0x10 linker stubs
                0x20000198                        . = ALIGN (0x4)
 *(.rodata*)
                0x20000198                        . = ALIGN (0x4)
 *(.data*)
 .data.striped_spin_lock_num
                0x20000198        0x1 CMakeFiles/Main2.dir/C_/Users/V1n1Paz/.pico-sdk/sdk/2.1.0/src/rp2_common/hardware_sync/sync.c.obj
 *fill*         0x20000199        0x3 
 .data.default_alarm_pool
                0x2000019c       0x18 CMakeFiles/Main2.dir/C_/Users/V1n1Paz/.pico-sdk/sdk/2.1.0/src/common/pico_time/time.c.obj
 *fill*         0x200001b4        0xc 
 .data.aeabi_bits_funcs
                0x200001c0       0x10 CMakeFiles/Main2.dir/C_/Users/V1n1Paz/.pico-sdk/sdk/2.1.0/src/rp2_common/pico_bit_ops/bit_ops_aeabi.S.obj
                0x200001c0                aeabi_bits_funcs
                0x200001d0                aeabi_bits_funcs_end
 .data.aeabi_mem_funcs
                0x200001d0       0x10 CMakeFiles/Main2.dir/C_/Users/V1n1Paz/.pico-sdk/sdk/2.1.0/src/rp2_common/pico_mem_ops/mem_ops_aeabi.S.obj
                0x200001d0                aeabi_mem_funcs
                0x200001e0                aeabi_mem_funcs_end
                0x200001e0                        . = ALIGN (0x4)
 *(.after_data.*)
                0x200001e0                        . = ALIGN (0x4)
                0x200001e0                        PROVIDE (__mutex_array_start = .)
 *(SORT_BY_NAME(.mutex_array.*))
 *(.mutex_array)
 .mutex_array   0x200001e0        0x8 CMakeFiles/Main2.dir/C_/Users/V1n1Paz/.pico-sdk/sdk/2.1.0/src/rp2_common/pico_stdio/stdio.c.obj
                0x200001e8                        PROVIDE (__mutex_array_end = .)
                0x200001e8                        . = ALIGN (0x4)
 *(.jcr)
                0x200001e8                        . = ALIGN (0x4)

.tm_clone_table
                0x200001e8        0x0 load address 0x1000199c
 .tm_clone_table
                0x200001e8        0x0 C:/Users/V1n1Paz/.pico-sdk/toolchain/13_3_Rel1/bin/../lib/gcc/arm-none-eabi/13.3.1/thumb/v6-m/nofp/crtbegin.o
 .tm_clone_table
                0x200001e8        0x0 C:/Users/V1n1Paz/.pico-sdk/toolchain/13_3_Rel1/bin/../lib/gcc/arm-none-eabi/13.3.1/thumb/v6-m/nofp/crtend.o

.igot.plt       0x200001e8        0x0 load address 0x1000199c
 .igot.plt      0x200001e8        0x0 C:/Users/V1n1Paz/.pico-sdk/toolchain/13_3_Rel1/bin/../lib/gcc/arm-none-eabi/13.3.1/thumb/v6-m/nofp/crtbegin.o

.tdata          0x200001e8        0x0 load address 0x1000199c
                0x200001e8                        . = ALIGN (0x4)
 *(.tdata .tdata.* .gnu.linkonce.td.*)
                0x200001e8                        __tdata_end = .
                0x200001e8                        PROVIDE (__data_end__ = .)
                0x10001874                        __etext = LOADADDR (.data)

.tbss           0x200001e8        0x0 load address 0x1000199c
                0x200001e8                        . = ALIGN (0x4)
                0x200001e8                        __bss_start__ = .
                0x200001e8                        __tls_base = .
 *(.tbss .tbss.* .gnu.linkonce.tb.*)
 *(.tcommon)
                0x200001e8                        __tls_end = .

.bss            0x200001e8      0x3e8 load address 0x1000199c
                0x200001e8                        . = ALIGN (0x4)
                0x200001e8                        __tbss_end = .
 *(SORT_BY_ALIGNMENT(SORT_BY_NAME(.bss*)))
 .bss.default_alarm_pool_entries
                0x200001e8      0x180 CMakeFiles/Main2.dir/C_/Users/V1n1Paz/.pico-sdk/sdk/2.1.0/src/common/pico_time/time.c.obj
 .bss.sd_table  0x20000368      0x100 CMakeFiles/Main2.dir/C_/Users/V1n1Paz/.pico-sdk/sdk/2.1.0/src/rp2_common/pico_double/double_init_rom_rp2040.c.obj
                0x20000368                sd_table
 .bss.claimed   0x20000468        0x1 CMakeFiles/Main2.dir/C_/Users/V1n1Paz/.pico-sdk/sdk/2.1.0/src/rp2_common/hardware_timer/timer.c.obj
 *fill*         0x20000469        0x3 
 .bss.configured_freq
                0x2000046c       0x28 CMakeFiles/Main2.dir/C_/Users/V1n1Paz/.pico-sdk/sdk/2.1.0/src/rp2_common/hardware_clocks/clocks.c.obj
 .bss.drivers   0x20000494        0x4 CMakeFiles/Main2.dir/C_/Users/V1n1Paz/.pico-sdk/sdk/2.1.0/src/rp2_common/pico_stdio/stdio.c.obj
 .bss.filter    0x20000498        0x4 CMakeFiles/Main2.dir/C_/Users/V1n1Paz/.pico-sdk/sdk/2.1.0/src/rp2_common/pico_stdio/stdio.c.obj
 .bss.lazy_vsnprintf
                0x2000049c        0x4 CMakeFiles/Main2.dir/C_/Users/V1n1Paz/.pico-sdk/sdk/2.1.0/src/rp2_common/pico_printf/printf.c.obj
 .bss.object.0  0x200004a0       0x18 C:/Users/V1n1Paz/.pico-sdk/toolchain/13_3_Rel1/bin/../lib/gcc/arm-none-eabi/13.3.1/thumb/v6-m/nofp/crtbegin.o
 .bss.pools     0x200004b8       0x10 CMakeFiles/Main2.dir/C_/Users/V1n1Paz/.pico-sdk/sdk/2.1.0/src/common/pico_time/time.c.obj
 .bss.sf_clz_func
                0x200004c8        0x4 CMakeFiles/Main2.dir/C_/Users/V1n1Paz/.pico-sdk/sdk/2.1.0/src/rp2_common/pico_double/double_init_rom_rp2040.c.obj
                0x200004c8                sf_clz_func
 .bss.sf_table  0x200004cc      0x100 CMakeFiles/Main2.dir/C_/Users/V1n1Paz/.pico-sdk/sdk/2.1.0/src/rp2_common/pico_float/float_init_rom_rp2040.c.obj
                0x200004cc                sf_table
 .bss.sleep_notifier
                0x200005cc        0x4 CMakeFiles/Main2.dir/C_/Users/V1n1Paz/.pico-sdk/sdk/2.1.0/src/common/pico_time/time.c.obj
 *(COMMON)
                0x200005d0                        . = ALIGN (0x4)
                0x200005d0                        __bss_end__ = .

.heap           0x200005d0      0x800 load address 0x1000199c
                0x200005d0                        __end__ = .
                0x200005d0                        end = __end__
 *(.heap*)
 .heap          0x200005d0      0x800 CMakeFiles/Main2.dir/C_/Users/V1n1Paz/.pico-sdk/sdk/2.1.0/src/rp2_common/pico_crt0/crt0.S.obj
                0x20040000                        __HeapLimit = (ORIGIN (RAM) + LENGTH (RAM))

.scratch_x      0x20040000        0x0 load address 0x1000199c
                0x20040000                        __scratch_x_start__ = .
 *(.scratch_x.*)
                0x20040000                        . = ALIGN (0x4)
                0x20040000                        __scratch_x_end__ = .
                0x1000199c                        __scratch_x_source__ = LOADADDR (.scratch_x)

.scratch_y      0x20041000        0x0 load address 0x1000199c
                0x20041000                        __scratch_y_start__ = .
 *(.scratch_y.*)
                0x20041000                        . = ALIGN (0x4)
                0x20041000                        __scratch_y_end__ = .
                0x1000199c                        __scratch_y_source__ = LOADADDR (.scratch_y)

.stack1_dummy
 *(.stack1*)

.stack_dummy    0x20041000      0x800
 *(.stack*)
 .stack         0x20041000      0x800 CMakeFiles/Main2.dir/C_/Users/V1n1Paz/.pico-sdk/sdk/2.1.0/src/rp2_common/pico_crt0/crt0.S.obj

.flash_end      0x1000199c        0x0
 *(.embedded_end_block*)
                0x1000199c                        PROVIDE (__flash_binary_end = .)
                0x20040000                        __StackLimit = (ORIGIN (RAM) + LENGTH (RAM))
                0x20041000                        __StackOneTop = (ORIGIN (SCRATCH_X) + LENGTH (SCRATCH_X))
                0x20042000                        __StackTop = (ORIGIN (SCRATCH_Y) + LENGTH (SCRATCH_Y))
                0x20041000                        __StackOneBottom = (__StackOneTop - SIZEOF (.stack1_dummy))
                0x20041800                        __StackBottom = (__StackTop - SIZEOF (.stack_dummy))
                0x20042000                        PROVIDE (__stack = __StackTop)
                [!provide]                        PROVIDE (__heap_start = __end__)
                [!provide]                        PROVIDE (__heap_end = __HeapLimit)
                [!provide]                        PROVIDE (__tls_align = MAX (ALIGNOF (.tdata), ALIGNOF (.tbss)))
                [!provide]                        PROVIDE (__tls_size_align = (((__tls_size + __tls_align) - 0x1) & ~ ((__tls_align - 0x1))))
                [!provide]                        PROVIDE (__arm32_tls_tcb_offset = MAX (0x8, __tls_align))
                [!provide]                        PROVIDE (_end = __end__)
                [!provide]                        PROVIDE (__llvm_libc_heap_limit = __HeapLimit)
                0x00000001                        ASSERT ((__StackLimit >= __HeapLimit), region RAM overflowed)
                0x00000001                        ASSERT (((__binary_info_header_end - __logical_binary_start) <= 0x100), Binary info must be in first 256 bytes of the binary)
LOAD CMakeFiles/Main2.dir/Main2.c.obj
LOAD CMakeFiles/Main2.dir/C_/Users/V1n1Paz/.pico-sdk/sdk/2.1.0/src/rp2_common/pico_stdlib/stdlib.c.obj
LOAD CMakeFiles/Main2.dir/C_/Users/V1n1Paz/.pico-sdk/sdk/2.1.0/src/rp2_common/hardware_gpio/gpio.c.obj
LOAD CMakeFiles/Main2.dir/C_/Users/V1n1Paz/.pico-sdk/sdk/2.1.0/src/rp2040/pico_platform/platform.c.obj
LOAD CMakeFiles/Main2.dir/C_/Users/V1n1Paz/.pico-sdk/sdk/2.1.0/src/rp2_common/pico_platform_panic/panic.c.obj
LOAD CMakeFiles/Main2.dir/C_/Users/V1n1Paz/.pico-sdk/sdk/2.1.0/src/common/hardware_claim/claim.c.obj
LOAD CMakeFiles/Main2.dir/C_/Users/V1n1Paz/.pico-sdk/sdk/2.1.0/src/rp2_common/hardware_sync/sync.c.obj
LOAD CMakeFiles/Main2.dir/C_/Users/V1n1Paz/.pico-sdk/sdk/2.1.0/src/rp2_common/hardware_sync_spin_lock/sync_spin_lock.c.obj
LOAD CMakeFiles/Main2.dir/C_/Users/V1n1Paz/.pico-sdk/sdk/2.1.0/src/rp2_common/hardware_irq/irq.c.obj
LOAD CMakeFiles/Main2.dir/C_/Users/V1n1Paz/.pico-sdk/sdk/2.1.0/src/rp2_common/hardware_irq/irq_handler_chain.S.obj
LOAD CMakeFiles/Main2.dir/C_/Users/V1n1Paz/.pico-sdk/sdk/2.1.0/src/common/pico_sync/sem.c.obj
LOAD CMakeFiles/Main2.dir/C_/Users/V1n1Paz/.pico-sdk/sdk/2.1.0/src/common/pico_sync/lock_core.c.obj
LOAD CMakeFiles/Main2.dir/C_/Users/V1n1Paz/.pico-sdk/sdk/2.1.0/src/common/pico_sync/mutex.c.obj
LOAD CMakeFiles/Main2.dir/C_/Users/V1n1Paz/.pico-sdk/sdk/2.1.0/src/common/pico_sync/critical_section.c.obj
LOAD CMakeFiles/Main2.dir/C_/Users/V1n1Paz/.pico-sdk/sdk/2.1.0/src/common/pico_time/time.c.obj
LOAD CMakeFiles/Main2.dir/C_/Users/V1n1Paz/.pico-sdk/sdk/2.1.0/src/common/pico_time/timeout_helper.c.obj
LOAD CMakeFiles/Main2.dir/C_/Users/V1n1Paz/.pico-sdk/sdk/2.1.0/src/rp2_common/hardware_timer/timer.c.obj
LOAD CMakeFiles/Main2.dir/C_/Users/V1n1Paz/.pico-sdk/sdk/2.1.0/src/common/pico_util/datetime.c.obj
LOAD CMakeFiles/Main2.dir/C_/Users/V1n1Paz/.pico-sdk/sdk/2.1.0/src/common/pico_util/pheap.c.obj
LOAD CMakeFiles/Main2.dir/C_/Users/V1n1Paz/.pico-sdk/sdk/2.1.0/src/common/pico_util/queue.c.obj
LOAD CMakeFiles/Main2.dir/C_/Users/V1n1Paz/.pico-sdk/sdk/2.1.0/src/rp2_common/hardware_uart/uart.c.obj
LOAD CMakeFiles/Main2.dir/C_/Users/V1n1Paz/.pico-sdk/sdk/2.1.0/src/rp2_common/hardware_clocks/clocks.c.obj
LOAD CMakeFiles/Main2.dir/C_/Users/V1n1Paz/.pico-sdk/sdk/2.1.0/src/rp2_common/hardware_pll/pll.c.obj
LOAD CMakeFiles/Main2.dir/C_/Users/V1n1Paz/.pico-sdk/sdk/2.1.0/src/rp2_common/hardware_vreg/vreg.c.obj
LOAD CMakeFiles/Main2.dir/C_/Users/V1n1Paz/.pico-sdk/sdk/2.1.0/src/rp2_common/hardware_watchdog/watchdog.c.obj
LOAD CMakeFiles/Main2.dir/C_/Users/V1n1Paz/.pico-sdk/sdk/2.1.0/src/rp2_common/hardware_ticks/ticks.c.obj
LOAD CMakeFiles/Main2.dir/C_/Users/V1n1Paz/.pico-sdk/sdk/2.1.0/src/rp2_common/pico_bootrom/bootrom.c.obj
LOAD CMakeFiles/Main2.dir/C_/Users/V1n1Paz/.pico-sdk/sdk/2.1.0/src/rp2_common/pico_bootrom/bootrom_lock.c.obj
LOAD CMakeFiles/Main2.dir/C_/Users/V1n1Paz/.pico-sdk/sdk/2.1.0/src/rp2_common/hardware_boot_lock/boot_lock.c.obj
LOAD CMakeFiles/Main2.dir/C_/Users/V1n1Paz/.pico-sdk/sdk/2.1.0/src/rp2_common/pico_flash/flash.c.obj
LOAD CMakeFiles/Main2.dir/C_/Users/V1n1Paz/.pico-sdk/sdk/2.1.0/src/rp2_common/hardware_xosc/xosc.c.obj
LOAD CMakeFiles/Main2.dir/C_/Users/V1n1Paz/.pico-sdk/sdk/2.1.0/src/rp2_common/hardware_divider/divider.S.obj
LOAD CMakeFiles/Main2.dir/C_/Users/V1n1Paz/.pico-sdk/sdk/2.1.0/src/rp2_common/pico_runtime/runtime.c.obj
LOAD CMakeFiles/Main2.dir/C_/Users/V1n1Paz/.pico-sdk/sdk/2.1.0/src/rp2_common/pico_runtime_init/runtime_init.c.obj
LOAD CMakeFiles/Main2.dir/C_/Users/V1n1Paz/.pico-sdk/sdk/2.1.0/src/rp2_common/pico_runtime_init/runtime_init_clocks.c.obj
LOAD CMakeFiles/Main2.dir/C_/Users/V1n1Paz/.pico-sdk/sdk/2.1.0/src/rp2_common/pico_runtime_init/runtime_init_stack_guard.c.obj
LOAD CMakeFiles/Main2.dir/C_/Users/V1n1Paz/.pico-sdk/sdk/2.1.0/src/rp2_common/pico_bit_ops/bit_ops_aeabi.S.obj
LOAD CMakeFiles/Main2.dir/C_/Users/V1n1Paz/.pico-sdk/sdk/2.1.0/src/rp2_common/pico_divider/divider_hardware.S.obj
LOAD CMakeFiles/Main2.dir/C_/Users/V1n1Paz/.pico-sdk/sdk/2.1.0/src/rp2_common/pico_double/double_aeabi_rp2040.S.obj
LOAD CMakeFiles/Main2.dir/C_/Users/V1n1Paz/.pico-sdk/sdk/2.1.0/src/rp2_common/pico_double/double_init_rom_rp2040.c.obj
LOAD CMakeFiles/Main2.dir/C_/Users/V1n1Paz/.pico-sdk/sdk/2.1.0/src/rp2_common/pico_double/double_math.c.obj
LOAD CMakeFiles/Main2.dir/C_/Users/V1n1Paz/.pico-sdk/sdk/2.1.0/src/rp2_common/pico_double/double_v1_rom_shim_rp2040.S.obj
LOAD CMakeFiles/Main2.dir/C_/Users/V1n1Paz/.pico-sdk/sdk/2.1.0/src/rp2_common/pico_int64_ops/pico_int64_ops_aeabi.S.obj
LOAD CMakeFiles/Main2.dir/C_/Users/V1n1Paz/.pico-sdk/sdk/2.1.0/src/rp2_common/pico_float/float_aeabi_rp2040.S.obj
LOAD CMakeFiles/Main2.dir/C_/Users/V1n1Paz/.pico-sdk/sdk/2.1.0/src/rp2_common/pico_float/float_init_rom_rp2040.c.obj
LOAD CMakeFiles/Main2.dir/C_/Users/V1n1Paz/.pico-sdk/sdk/2.1.0/src/rp2_common/pico_float/float_math.c.obj
LOAD CMakeFiles/Main2.dir/C_/Users/V1n1Paz/.pico-sdk/sdk/2.1.0/src/rp2_common/pico_float/float_v1_rom_shim_rp2040.S.obj
LOAD CMakeFiles/Main2.dir/C_/Users/V1n1Paz/.pico-sdk/sdk/2.1.0/src/rp2_common/pico_malloc/malloc.c.obj
LOAD CMakeFiles/Main2.dir/C_/Users/V1n1Paz/.pico-sdk/sdk/2.1.0/src/rp2_common/pico_mem_ops/mem_ops_aeabi.S.obj
LOAD CMakeFiles/Main2.dir/C_/Users/V1n1Paz/.pico-sdk/sdk/2.1.0/src/rp2_common/pico_atomic/atomic.c.obj
LOAD CMakeFiles/Main2.dir/C_/Users/V1n1Paz/.pico-sdk/sdk/2.1.0/src/rp2_common/pico_cxx_options/new_delete.cpp.obj
LOAD CMakeFiles/Main2.dir/C_/Users/V1n1Paz/.pico-sdk/sdk/2.1.0/src/rp2_common/pico_standard_binary_info/standard_binary_info.c.obj
LOAD CMakeFiles/Main2.dir/C_/Users/V1n1Paz/.pico-sdk/sdk/2.1.0/src/rp2_common/pico_printf/printf.c.obj
LOAD CMakeFiles/Main2.dir/C_/Users/V1n1Paz/.pico-sdk/sdk/2.1.0/src/rp2_common/pico_crt0/crt0.S.obj
LOAD CMakeFiles/Main2.dir/C_/Users/V1n1Paz/.pico-sdk/sdk/2.1.0/src/rp2_common/pico_clib_interface/newlib_interface.c.obj
LOAD CMakeFiles/Main2.dir/C_/Users/V1n1Paz/.pico-sdk/sdk/2.1.0/src/rp2_common/pico_stdio/stdio.c.obj
LOAD pico-sdk/src/rp2040/boot_stage2/CMakeFiles/bs2_default_library.dir/./bs2_default_padded_checksummed.S.obj
LOAD C:/Users/V1n1Paz/.pico-sdk/toolchain/13_3_Rel1/bin/../lib/gcc/arm-none-eabi/13.3.1/thumb/v6-m/nofp\libstdc++.a
LOAD C:/Users/V1n1Paz/.pico-sdk/toolchain/13_3_Rel1/bin/../lib/gcc/arm-none-eabi/13.3.1/thumb/v6-m/nofp\libm.a
START GROUP
LOAD C:/Users/V1n1Paz/.pico-sdk/toolchain/13_3_Rel1/bin/../lib/gcc/arm-none-eabi/13.3.1/thumb/v6-m/nofp\libgcc.a
LOAD C:/Users/V1n1Paz/.pico-sdk/toolchain/13_3_Rel1/bin/../lib/gcc/arm-none-eabi/13.3.1/thumb/v6-m/nofp\libg.a
LOAD C:/Users/V1n1Paz/.pico-sdk/toolchain/13_3_Rel1/bin/../lib/gcc/arm-none-eabi/13.3.1/thumb/v6-m/nofp\libc.a
END GROUP
START GROUP
LOAD C:/Users/V1n1Paz/.pico-sdk/toolchain/13_3_Rel1/bin/../lib/gcc/arm-none-eabi/13.3.1/thumb/v6-m/nofp\libgcc.a
LOAD C:/Users/V1n1Paz/.pico-sdk/toolchain/13_3_Rel1/bin/../lib/gcc/arm-none-eabi/13.3.1/thumb/v6-m/nofp\libc.a
LOAD C:/Users/V1n1Paz/.pico-sdk/toolchain/13_3_Rel1/bin/../lib/gcc/arm-none-eabi/13.3.1/thumb/v6-m/nofp\libnosys.a
END GROUP
LOAD C:/Users/V1n1Paz/.pico-sdk/toolchain/13_3_Rel1/bin/../lib/gcc/arm-none-eabi/13.3.1/thumb/v6-m/nofp/crtend.o
LOAD C:/Users/V1n1Paz/.pico-sdk/toolchain/13_3_Rel1/bin/../lib/gcc/arm-none-eabi/13.3.1/thumb/v6-m/nofp/crtn.o
OUTPUT(Main2.elf elf32-littlearm)
LOAD linker stubs

.ARM.attributes
                0x00000000       0x28
 .ARM.attributes
                0x00000000       0x1e C:/Users/V1n1Paz/.pico-sdk/toolchain/13_3_Rel1/bin/../lib/gcc/arm-none-eabi/13.3.1/thumb/v6-m/nofp/crti.o
 .ARM.attributes
                0x0000001e       0x2c C:/Users/V1n1Paz/.pico-sdk/toolchain/13_3_Rel1/bin/../lib/gcc/arm-none-eabi/13.3.1/thumb/v6-m/nofp/crtbegin.o
 .ARM.attributes
                0x0000004a       0x2c CMakeFiles/Main2.dir/Main2.c.obj
 .ARM.attributes
                0x00000076       0x2c CMakeFiles/Main2.dir/C_/Users/V1n1Paz/.pico-sdk/sdk/2.1.0/src/rp2_common/hardware_gpio/gpio.c.obj
 .ARM.attributes
                0x000000a2       0x2c CMakeFiles/Main2.dir/C_/Users/V1n1Paz/.pico-sdk/sdk/2.1.0/src/rp2_common/pico_platform_panic/panic.c.obj
 .ARM.attributes
                0x000000ce       0x2c CMakeFiles/Main2.dir/C_/Users/V1n1Paz/.pico-sdk/sdk/2.1.0/src/common/hardware_claim/claim.c.obj
 .ARM.attributes
                0x000000fa       0x2c CMakeFiles/Main2.dir/C_/Users/V1n1Paz/.pico-sdk/sdk/2.1.0/src/rp2_common/hardware_sync/sync.c.obj
 .ARM.attributes
                0x00000126       0x2c CMakeFiles/Main2.dir/C_/Users/V1n1Paz/.pico-sdk/sdk/2.1.0/src/rp2_common/hardware_sync_spin_lock/sync_spin_lock.c.obj
 .ARM.attributes
                0x00000152       0x2c CMakeFiles/Main2.dir/C_/Users/V1n1Paz/.pico-sdk/sdk/2.1.0/src/rp2_common/hardware_irq/irq.c.obj
 .ARM.attributes
                0x0000017e       0x2c CMakeFiles/Main2.dir/C_/Users/V1n1Paz/.pico-sdk/sdk/2.1.0/src/common/pico_sync/lock_core.c.obj
 .ARM.attributes
                0x000001aa       0x2c CMakeFiles/Main2.dir/C_/Users/V1n1Paz/.pico-sdk/sdk/2.1.0/src/common/pico_sync/mutex.c.obj
 .ARM.attributes
                0x000001d6       0x2c CMakeFiles/Main2.dir/C_/Users/V1n1Paz/.pico-sdk/sdk/2.1.0/src/common/pico_time/time.c.obj
 .ARM.attributes
                0x00000202       0x2c CMakeFiles/Main2.dir/C_/Users/V1n1Paz/.pico-sdk/sdk/2.1.0/src/rp2_common/hardware_timer/timer.c.obj
 .ARM.attributes
                0x0000022e       0x2c CMakeFiles/Main2.dir/C_/Users/V1n1Paz/.pico-sdk/sdk/2.1.0/src/rp2_common/hardware_clocks/clocks.c.obj
 .ARM.attributes
                0x0000025a       0x2c CMakeFiles/Main2.dir/C_/Users/V1n1Paz/.pico-sdk/sdk/2.1.0/src/rp2_common/hardware_pll/pll.c.obj
 .ARM.attributes
                0x00000286       0x2c CMakeFiles/Main2.dir/C_/Users/V1n1Paz/.pico-sdk/sdk/2.1.0/src/rp2_common/hardware_ticks/ticks.c.obj
 .ARM.attributes
                0x000002b2       0x2c CMakeFiles/Main2.dir/C_/Users/V1n1Paz/.pico-sdk/sdk/2.1.0/src/rp2_common/pico_bootrom/bootrom.c.obj
 .ARM.attributes
                0x000002de       0x2c CMakeFiles/Main2.dir/C_/Users/V1n1Paz/.pico-sdk/sdk/2.1.0/src/rp2_common/hardware_xosc/xosc.c.obj
 .ARM.attributes
                0x0000030a       0x2c CMakeFiles/Main2.dir/C_/Users/V1n1Paz/.pico-sdk/sdk/2.1.0/src/rp2_common/pico_runtime/runtime.c.obj
 .ARM.attributes
                0x00000336       0x2c CMakeFiles/Main2.dir/C_/Users/V1n1Paz/.pico-sdk/sdk/2.1.0/src/rp2_common/pico_runtime_init/runtime_init.c.obj
 .ARM.attributes
                0x00000362       0x2c CMakeFiles/Main2.dir/C_/Users/V1n1Paz/.pico-sdk/sdk/2.1.0/src/rp2_common/pico_runtime_init/runtime_init_clocks.c.obj
 .ARM.attributes
                0x0000038e       0x22 CMakeFiles/Main2.dir/C_/Users/V1n1Paz/.pico-sdk/sdk/2.1.0/src/rp2_common/pico_bit_ops/bit_ops_aeabi.S.obj
 .ARM.attributes
                0x000003b0       0x22 CMakeFiles/Main2.dir/C_/Users/V1n1Paz/.pico-sdk/sdk/2.1.0/src/rp2_common/pico_divider/divider_hardware.S.obj
 .ARM.attributes
                0x000003d2       0x22 CMakeFiles/Main2.dir/C_/Users/V1n1Paz/.pico-sdk/sdk/2.1.0/src/rp2_common/pico_double/double_aeabi_rp2040.S.obj
 .ARM.attributes
                0x000003f4       0x2c CMakeFiles/Main2.dir/C_/Users/V1n1Paz/.pico-sdk/sdk/2.1.0/src/rp2_common/pico_double/double_init_rom_rp2040.c.obj
 .ARM.attributes
                0x00000420       0x22 CMakeFiles/Main2.dir/C_/Users/V1n1Paz/.pico-sdk/sdk/2.1.0/src/rp2_common/pico_double/double_v1_rom_shim_rp2040.S.obj
 .ARM.attributes
                0x00000442       0x22 CMakeFiles/Main2.dir/C_/Users/V1n1Paz/.pico-sdk/sdk/2.1.0/src/rp2_common/pico_int64_ops/pico_int64_ops_aeabi.S.obj
 .ARM.attributes
                0x00000464       0x22 CMakeFiles/Main2.dir/C_/Users/V1n1Paz/.pico-sdk/sdk/2.1.0/src/rp2_common/pico_float/float_aeabi_rp2040.S.obj
 .ARM.attributes
                0x00000486       0x2c CMakeFiles/Main2.dir/C_/Users/V1n1Paz/.pico-sdk/sdk/2.1.0/src/rp2_common/pico_float/float_init_rom_rp2040.c.obj
 .ARM.attributes
                0x000004b2       0x22 CMakeFiles/Main2.dir/C_/Users/V1n1Paz/.pico-sdk/sdk/2.1.0/src/rp2_common/pico_mem_ops/mem_ops_aeabi.S.obj
 .ARM.attributes
                0x000004d4       0x2c CMakeFiles/Main2.dir/C_/Users/V1n1Paz/.pico-sdk/sdk/2.1.0/src/rp2_common/pico_standard_binary_info/standard_binary_info.c.obj
 .ARM.attributes
                0x00000500       0x2c CMakeFiles/Main2.dir/C_/Users/V1n1Paz/.pico-sdk/sdk/2.1.0/src/rp2_common/pico_printf/printf.c.obj
 .ARM.attributes
                0x0000052c       0x22 CMakeFiles/Main2.dir/C_/Users/V1n1Paz/.pico-sdk/sdk/2.1.0/src/rp2_common/pico_crt0/crt0.S.obj
 .ARM.attributes
                0x0000054e       0x2c CMakeFiles/Main2.dir/C_/Users/V1n1Paz/.pico-sdk/sdk/2.1.0/src/rp2_common/pico_clib_interface/newlib_interface.c.obj
 .ARM.attributes
                0x0000057a       0x2c CMakeFiles/Main2.dir/C_/Users/V1n1Paz/.pico-sdk/sdk/2.1.0/src/rp2_common/pico_stdio/stdio.c.obj
 .ARM.attributes
                0x000005a6       0x22 pico-sdk/src/rp2040/boot_stage2/CMakeFiles/bs2_default_library.dir/./bs2_default_padded_checksummed.S.obj
 .ARM.attributes
                0x000005c8       0x1e C:/Users/V1n1Paz/.pico-sdk/toolchain/13_3_Rel1/bin/../lib/gcc/arm-none-eabi/13.3.1/thumb/v6-m/nofp\libgcc.a(_dvmd_tls.o)
 .ARM.attributes
                0x000005e6       0x2c C:/Users/V1n1Paz/.pico-sdk/toolchain/13_3_Rel1/bin/../lib/gcc/arm-none-eabi/13.3.1/thumb/v6-m/nofp\libg.a(libc_a-strlen-stub.o)
 .ARM.attributes
                0x00000612       0x2c C:/Users/V1n1Paz/.pico-sdk/toolchain/13_3_Rel1/bin/../lib/gcc/arm-none-eabi/13.3.1/thumb/v6-m/nofp/crtend.o

.comment        0x00000000       0x45
 .comment       0x00000000       0x45 CMakeFiles/Main2.dir/Main2.c.obj
                                 0x46 (size before relaxing)
 .comment       0x00000045       0x46 CMakeFiles/Main2.dir/C_/Users/V1n1Paz/.pico-sdk/sdk/2.1.0/src/rp2_common/hardware_gpio/gpio.c.obj
 .comment       0x00000045       0x46 CMakeFiles/Main2.dir/C_/Users/V1n1Paz/.pico-sdk/sdk/2.1.0/src/rp2_common/pico_platform_panic/panic.c.obj
 .comment       0x00000045       0x46 CMakeFiles/Main2.dir/C_/Users/V1n1Paz/.pico-sdk/sdk/2.1.0/src/common/hardware_claim/claim.c.obj
 .comment       0x00000045       0x46 CMakeFiles/Main2.dir/C_/Users/V1n1Paz/.pico-sdk/sdk/2.1.0/src/rp2_common/hardware_sync/sync.c.obj
 .comment       0x00000045       0x46 CMakeFiles/Main2.dir/C_/Users/V1n1Paz/.pico-sdk/sdk/2.1.0/src/rp2_common/hardware_sync_spin_lock/sync_spin_lock.c.obj
 .comment       0x00000045       0x46 CMakeFiles/Main2.dir/C_/Users/V1n1Paz/.pico-sdk/sdk/2.1.0/src/rp2_common/hardware_irq/irq.c.obj
 .comment       0x00000045       0x46 CMakeFiles/Main2.dir/C_/Users/V1n1Paz/.pico-sdk/sdk/2.1.0/src/common/pico_sync/lock_core.c.obj
 .comment       0x00000045       0x46 CMakeFiles/Main2.dir/C_/Users/V1n1Paz/.pico-sdk/sdk/2.1.0/src/common/pico_sync/mutex.c.obj
 .comment       0x00000045       0x46 CMakeFiles/Main2.dir/C_/Users/V1n1Paz/.pico-sdk/sdk/2.1.0/src/common/pico_time/time.c.obj
 .comment       0x00000045       0x46 CMakeFiles/Main2.dir/C_/Users/V1n1Paz/.pico-sdk/sdk/2.1.0/src/rp2_common/hardware_timer/timer.c.obj
 .comment       0x00000045       0x46 CMakeFiles/Main2.dir/C_/Users/V1n1Paz/.pico-sdk/sdk/2.1.0/src/rp2_common/hardware_clocks/clocks.c.obj
 .comment       0x00000045       0x46 CMakeFiles/Main2.dir/C_/Users/V1n1Paz/.pico-sdk/sdk/2.1.0/src/rp2_common/hardware_pll/pll.c.obj
 .comment       0x00000045       0x46 CMakeFiles/Main2.dir/C_/Users/V1n1Paz/.pico-sdk/sdk/2.1.0/src/rp2_common/hardware_ticks/ticks.c.obj
 .comment       0x00000045       0x46 CMakeFiles/Main2.dir/C_/Users/V1n1Paz/.pico-sdk/sdk/2.1.0/src/rp2_common/pico_bootrom/bootrom.c.obj
 .comment       0x00000045       0x46 CMakeFiles/Main2.dir/C_/Users/V1n1Paz/.pico-sdk/sdk/2.1.0/src/rp2_common/hardware_xosc/xosc.c.obj
 .comment       0x00000045       0x46 CMakeFiles/Main2.dir/C_/Users/V1n1Paz/.pico-sdk/sdk/2.1.0/src/rp2_common/pico_runtime/runtime.c.obj
 .comment       0x00000045       0x46 CMakeFiles/Main2.dir/C_/Users/V1n1Paz/.pico-sdk/sdk/2.1.0/src/rp2_common/pico_runtime_init/runtime_init.c.obj
 .comment       0x00000045       0x46 CMakeFiles/Main2.dir/C_/Users/V1n1Paz/.pico-sdk/sdk/2.1.0/src/rp2_common/pico_runtime_init/runtime_init_clocks.c.obj
 .comment       0x00000045       0x46 CMakeFiles/Main2.dir/C_/Users/V1n1Paz/.pico-sdk/sdk/2.1.0/src/rp2_common/pico_double/double_init_rom_rp2040.c.obj
 .comment       0x00000045       0x46 CMakeFiles/Main2.dir/C_/Users/V1n1Paz/.pico-sdk/sdk/2.1.0/src/rp2_common/pico_float/float_init_rom_rp2040.c.obj
 .comment       0x00000045       0x46 CMakeFiles/Main2.dir/C_/Users/V1n1Paz/.pico-sdk/sdk/2.1.0/src/rp2_common/pico_standard_binary_info/standard_binary_info.c.obj
 .comment       0x00000045       0x46 CMakeFiles/Main2.dir/C_/Users/V1n1Paz/.pico-sdk/sdk/2.1.0/src/rp2_common/pico_printf/printf.c.obj
 .comment       0x00000045       0x46 CMakeFiles/Main2.dir/C_/Users/V1n1Paz/.pico-sdk/sdk/2.1.0/src/rp2_common/pico_clib_interface/newlib_interface.c.obj
 .comment       0x00000045       0x46 CMakeFiles/Main2.dir/C_/Users/V1n1Paz/.pico-sdk/sdk/2.1.0/src/rp2_common/pico_stdio/stdio.c.obj

.debug_info     0x00000000    0x1999e
 .debug_info    0x00000000      0x9e8 CMakeFiles/Main2.dir/Main2.c.obj
 .debug_info    0x000009e8     0x2437 CMakeFiles/Main2.dir/C_/Users/V1n1Paz/.pico-sdk/sdk/2.1.0/src/rp2_common/hardware_gpio/gpio.c.obj
 .debug_info    0x00002e1f      0x1bf CMakeFiles/Main2.dir/C_/Users/V1n1Paz/.pico-sdk/sdk/2.1.0/src/rp2_common/pico_platform_panic/panic.c.obj
 .debug_info    0x00002fde      0x995 CMakeFiles/Main2.dir/C_/Users/V1n1Paz/.pico-sdk/sdk/2.1.0/src/common/hardware_claim/claim.c.obj
 .debug_info    0x00003973      0x458 CMakeFiles/Main2.dir/C_/Users/V1n1Paz/.pico-sdk/sdk/2.1.0/src/rp2_common/hardware_sync/sync.c.obj
 .debug_info    0x00003dcb      0x245 CMakeFiles/Main2.dir/C_/Users/V1n1Paz/.pico-sdk/sdk/2.1.0/src/rp2_common/hardware_sync_spin_lock/sync_spin_lock.c.obj
 .debug_info    0x00004010     0x21a8 CMakeFiles/Main2.dir/C_/Users/V1n1Paz/.pico-sdk/sdk/2.1.0/src/rp2_common/hardware_irq/irq.c.obj
 .debug_info    0x000061b8      0x15f CMakeFiles/Main2.dir/C_/Users/V1n1Paz/.pico-sdk/sdk/2.1.0/src/common/pico_sync/lock_core.c.obj
 .debug_info    0x00006317     0x2803 CMakeFiles/Main2.dir/C_/Users/V1n1Paz/.pico-sdk/sdk/2.1.0/src/common/pico_sync/mutex.c.obj
 .debug_info    0x00008b1a     0x485e CMakeFiles/Main2.dir/C_/Users/V1n1Paz/.pico-sdk/sdk/2.1.0/src/common/pico_time/time.c.obj
 .debug_info    0x0000d378     0x2b11 CMakeFiles/Main2.dir/C_/Users/V1n1Paz/.pico-sdk/sdk/2.1.0/src/rp2_common/hardware_timer/timer.c.obj
 .debug_info    0x0000fe89     0x2935 CMakeFiles/Main2.dir/C_/Users/V1n1Paz/.pico-sdk/sdk/2.1.0/src/rp2_common/hardware_clocks/clocks.c.obj
 .debug_info    0x000127be      0x4e5 CMakeFiles/Main2.dir/C_/Users/V1n1Paz/.pico-sdk/sdk/2.1.0/src/rp2_common/hardware_pll/pll.c.obj
 .debug_info    0x00012ca3      0x248 CMakeFiles/Main2.dir/C_/Users/V1n1Paz/.pico-sdk/sdk/2.1.0/src/rp2_common/hardware_ticks/ticks.c.obj
 .debug_info    0x00012eeb      0x633 CMakeFiles/Main2.dir/C_/Users/V1n1Paz/.pico-sdk/sdk/2.1.0/src/rp2_common/pico_bootrom/bootrom.c.obj
 .debug_info    0x0001351e      0x1cc CMakeFiles/Main2.dir/C_/Users/V1n1Paz/.pico-sdk/sdk/2.1.0/src/rp2_common/hardware_xosc/xosc.c.obj
 .debug_info    0x000136ea      0x21a CMakeFiles/Main2.dir/C_/Users/V1n1Paz/.pico-sdk/sdk/2.1.0/src/rp2_common/pico_runtime/runtime.c.obj
 .debug_info    0x00013904      0x795 CMakeFiles/Main2.dir/C_/Users/V1n1Paz/.pico-sdk/sdk/2.1.0/src/rp2_common/pico_runtime_init/runtime_init.c.obj
 .debug_info    0x00014099      0x780 CMakeFiles/Main2.dir/C_/Users/V1n1Paz/.pico-sdk/sdk/2.1.0/src/rp2_common/pico_runtime_init/runtime_init_clocks.c.obj
 .debug_info    0x00014819       0x23 CMakeFiles/Main2.dir/C_/Users/V1n1Paz/.pico-sdk/sdk/2.1.0/src/rp2_common/pico_bit_ops/bit_ops_aeabi.S.obj
 .debug_info    0x0001483c       0x23 CMakeFiles/Main2.dir/C_/Users/V1n1Paz/.pico-sdk/sdk/2.1.0/src/rp2_common/pico_divider/divider_hardware.S.obj
 .debug_info    0x0001485f       0x23 CMakeFiles/Main2.dir/C_/Users/V1n1Paz/.pico-sdk/sdk/2.1.0/src/rp2_common/pico_double/double_aeabi_rp2040.S.obj
 .debug_info    0x00014882      0x2d0 CMakeFiles/Main2.dir/C_/Users/V1n1Paz/.pico-sdk/sdk/2.1.0/src/rp2_common/pico_double/double_init_rom_rp2040.c.obj
 .debug_info    0x00014b52       0x24 CMakeFiles/Main2.dir/C_/Users/V1n1Paz/.pico-sdk/sdk/2.1.0/src/rp2_common/pico_double/double_v1_rom_shim_rp2040.S.obj
 .debug_info    0x00014b76       0x24 CMakeFiles/Main2.dir/C_/Users/V1n1Paz/.pico-sdk/sdk/2.1.0/src/rp2_common/pico_int64_ops/pico_int64_ops_aeabi.S.obj
 .debug_info    0x00014b9a       0x23 CMakeFiles/Main2.dir/C_/Users/V1n1Paz/.pico-sdk/sdk/2.1.0/src/rp2_common/pico_float/float_aeabi_rp2040.S.obj
 .debug_info    0x00014bbd      0x2bc CMakeFiles/Main2.dir/C_/Users/V1n1Paz/.pico-sdk/sdk/2.1.0/src/rp2_common/pico_float/float_init_rom_rp2040.c.obj
 .debug_info    0x00014e79       0x23 CMakeFiles/Main2.dir/C_/Users/V1n1Paz/.pico-sdk/sdk/2.1.0/src/rp2_common/pico_mem_ops/mem_ops_aeabi.S.obj
 .debug_info    0x00014e9c      0x2e2 CMakeFiles/Main2.dir/C_/Users/V1n1Paz/.pico-sdk/sdk/2.1.0/src/rp2_common/pico_standard_binary_info/standard_binary_info.c.obj
 .debug_info    0x0001517e     0x211a CMakeFiles/Main2.dir/C_/Users/V1n1Paz/.pico-sdk/sdk/2.1.0/src/rp2_common/pico_printf/printf.c.obj
 .debug_info    0x00017298       0x23 CMakeFiles/Main2.dir/C_/Users/V1n1Paz/.pico-sdk/sdk/2.1.0/src/rp2_common/pico_crt0/crt0.S.obj
 .debug_info    0x000172bb      0xb54 CMakeFiles/Main2.dir/C_/Users/V1n1Paz/.pico-sdk/sdk/2.1.0/src/rp2_common/pico_clib_interface/newlib_interface.c.obj
 .debug_info    0x00017e0f     0x1b8f CMakeFiles/Main2.dir/C_/Users/V1n1Paz/.pico-sdk/sdk/2.1.0/src/rp2_common/pico_stdio/stdio.c.obj

.debug_abbrev   0x00000000     0x4a9d
 .debug_abbrev  0x00000000      0x26a CMakeFiles/Main2.dir/Main2.c.obj
 .debug_abbrev  0x0000026a      0x4f9 CMakeFiles/Main2.dir/C_/Users/V1n1Paz/.pico-sdk/sdk/2.1.0/src/rp2_common/hardware_gpio/gpio.c.obj
 .debug_abbrev  0x00000763      0x12b CMakeFiles/Main2.dir/C_/Users/V1n1Paz/.pico-sdk/sdk/2.1.0/src/rp2_common/pico_platform_panic/panic.c.obj
 .debug_abbrev  0x0000088e      0x33b CMakeFiles/Main2.dir/C_/Users/V1n1Paz/.pico-sdk/sdk/2.1.0/src/common/hardware_claim/claim.c.obj
 .debug_abbrev  0x00000bc9      0x20d CMakeFiles/Main2.dir/C_/Users/V1n1Paz/.pico-sdk/sdk/2.1.0/src/rp2_common/hardware_sync/sync.c.obj
 .debug_abbrev  0x00000dd6      0x1bb CMakeFiles/Main2.dir/C_/Users/V1n1Paz/.pico-sdk/sdk/2.1.0/src/rp2_common/hardware_sync_spin_lock/sync_spin_lock.c.obj
 .debug_abbrev  0x00000f91      0x5ff CMakeFiles/Main2.dir/C_/Users/V1n1Paz/.pico-sdk/sdk/2.1.0/src/rp2_common/hardware_irq/irq.c.obj
 .debug_abbrev  0x00001590       0xee CMakeFiles/Main2.dir/C_/Users/V1n1Paz/.pico-sdk/sdk/2.1.0/src/common/pico_sync/lock_core.c.obj
 .debug_abbrev  0x0000167e      0x48c CMakeFiles/Main2.dir/C_/Users/V1n1Paz/.pico-sdk/sdk/2.1.0/src/common/pico_sync/mutex.c.obj
 .debug_abbrev  0x00001b0a      0x67b CMakeFiles/Main2.dir/C_/Users/V1n1Paz/.pico-sdk/sdk/2.1.0/src/common/pico_time/time.c.obj
 .debug_abbrev  0x00002185      0x4f2 CMakeFiles/Main2.dir/C_/Users/V1n1Paz/.pico-sdk/sdk/2.1.0/src/rp2_common/hardware_timer/timer.c.obj
 .debug_abbrev  0x00002677      0x4e2 CMakeFiles/Main2.dir/C_/Users/V1n1Paz/.pico-sdk/sdk/2.1.0/src/rp2_common/hardware_clocks/clocks.c.obj
 .debug_abbrev  0x00002b59      0x1d2 CMakeFiles/Main2.dir/C_/Users/V1n1Paz/.pico-sdk/sdk/2.1.0/src/rp2_common/hardware_pll/pll.c.obj
 .debug_abbrev  0x00002d2b      0x145 CMakeFiles/Main2.dir/C_/Users/V1n1Paz/.pico-sdk/sdk/2.1.0/src/rp2_common/hardware_ticks/ticks.c.obj
 .debug_abbrev  0x00002e70      0x1d7 CMakeFiles/Main2.dir/C_/Users/V1n1Paz/.pico-sdk/sdk/2.1.0/src/rp2_common/pico_bootrom/bootrom.c.obj
 .debug_abbrev  0x00003047      0x11b CMakeFiles/Main2.dir/C_/Users/V1n1Paz/.pico-sdk/sdk/2.1.0/src/rp2_common/hardware_xosc/xosc.c.obj
 .debug_abbrev  0x00003162      0x182 CMakeFiles/Main2.dir/C_/Users/V1n1Paz/.pico-sdk/sdk/2.1.0/src/rp2_common/pico_runtime/runtime.c.obj
 .debug_abbrev  0x000032e4      0x222 CMakeFiles/Main2.dir/C_/Users/V1n1Paz/.pico-sdk/sdk/2.1.0/src/rp2_common/pico_runtime_init/runtime_init.c.obj
 .debug_abbrev  0x00003506      0x294 CMakeFiles/Main2.dir/C_/Users/V1n1Paz/.pico-sdk/sdk/2.1.0/src/rp2_common/pico_runtime_init/runtime_init_clocks.c.obj
 .debug_abbrev  0x0000379a       0x12 CMakeFiles/Main2.dir/C_/Users/V1n1Paz/.pico-sdk/sdk/2.1.0/src/rp2_common/pico_bit_ops/bit_ops_aeabi.S.obj
 .debug_abbrev  0x000037ac       0x12 CMakeFiles/Main2.dir/C_/Users/V1n1Paz/.pico-sdk/sdk/2.1.0/src/rp2_common/pico_divider/divider_hardware.S.obj
 .debug_abbrev  0x000037be       0x12 CMakeFiles/Main2.dir/C_/Users/V1n1Paz/.pico-sdk/sdk/2.1.0/src/rp2_common/pico_double/double_aeabi_rp2040.S.obj
 .debug_abbrev  0x000037d0      0x1bb CMakeFiles/Main2.dir/C_/Users/V1n1Paz/.pico-sdk/sdk/2.1.0/src/rp2_common/pico_double/double_init_rom_rp2040.c.obj
 .debug_abbrev  0x0000398b       0x14 CMakeFiles/Main2.dir/C_/Users/V1n1Paz/.pico-sdk/sdk/2.1.0/src/rp2_common/pico_double/double_v1_rom_shim_rp2040.S.obj
 .debug_abbrev  0x0000399f       0x14 CMakeFiles/Main2.dir/C_/Users/V1n1Paz/.pico-sdk/sdk/2.1.0/src/rp2_common/pico_int64_ops/pico_int64_ops_aeabi.S.obj
 .debug_abbrev  0x000039b3       0x12 CMakeFiles/Main2.dir/C_/Users/V1n1Paz/.pico-sdk/sdk/2.1.0/src/rp2_common/pico_float/float_aeabi_rp2040.S.obj
 .debug_abbrev  0x000039c5      0x19e CMakeFiles/Main2.dir/C_/Users/V1n1Paz/.pico-sdk/sdk/2.1.0/src/rp2_common/pico_float/float_init_rom_rp2040.c.obj
 .debug_abbrev  0x00003b63       0x12 CMakeFiles/Main2.dir/C_/Users/V1n1Paz/.pico-sdk/sdk/2.1.0/src/rp2_common/pico_mem_ops/mem_ops_aeabi.S.obj
 .debug_abbrev  0x00003b75       0xb8 CMakeFiles/Main2.dir/C_/Users/V1n1Paz/.pico-sdk/sdk/2.1.0/src/rp2_common/pico_standard_binary_info/standard_binary_info.c.obj
 .debug_abbrev  0x00003c2d      0x525 CMakeFiles/Main2.dir/C_/Users/V1n1Paz/.pico-sdk/sdk/2.1.0/src/rp2_common/pico_printf/printf.c.obj
 .debug_abbrev  0x00004152       0x12 CMakeFiles/Main2.dir/C_/Users/V1n1Paz/.pico-sdk/sdk/2.1.0/src/rp2_common/pico_crt0/crt0.S.obj
 .debug_abbrev  0x00004164      0x352 CMakeFiles/Main2.dir/C_/Users/V1n1Paz/.pico-sdk/sdk/2.1.0/src/rp2_common/pico_clib_interface/newlib_interface.c.obj
 .debug_abbrev  0x000044b6      0x5e7 CMakeFiles/Main2.dir/C_/Users/V1n1Paz/.pico-sdk/sdk/2.1.0/src/rp2_common/pico_stdio/stdio.c.obj

.debug_loclists
                0x00000000     0xef8f
 .debug_loclists
                0x00000000      0x249 CMakeFiles/Main2.dir/Main2.c.obj
 .debug_loclists
                0x00000249     0x1a03 CMakeFiles/Main2.dir/C_/Users/V1n1Paz/.pico-sdk/sdk/2.1.0/src/rp2_common/hardware_gpio/gpio.c.obj
 .debug_loclists
                0x00001c4c      0x36e CMakeFiles/Main2.dir/C_/Users/V1n1Paz/.pico-sdk/sdk/2.1.0/src/common/hardware_claim/claim.c.obj
 .debug_loclists
                0x00001fba       0xf1 CMakeFiles/Main2.dir/C_/Users/V1n1Paz/.pico-sdk/sdk/2.1.0/src/rp2_common/hardware_sync/sync.c.obj
 .debug_loclists
                0x000020ab       0x7d CMakeFiles/Main2.dir/C_/Users/V1n1Paz/.pico-sdk/sdk/2.1.0/src/rp2_common/hardware_sync_spin_lock/sync_spin_lock.c.obj
 .debug_loclists
                0x00002128     0x116f CMakeFiles/Main2.dir/C_/Users/V1n1Paz/.pico-sdk/sdk/2.1.0/src/rp2_common/hardware_irq/irq.c.obj
 .debug_loclists
                0x00003297       0x41 CMakeFiles/Main2.dir/C_/Users/V1n1Paz/.pico-sdk/sdk/2.1.0/src/common/pico_sync/lock_core.c.obj
 .debug_loclists
                0x000032d8      0xafa CMakeFiles/Main2.dir/C_/Users/V1n1Paz/.pico-sdk/sdk/2.1.0/src/common/pico_sync/mutex.c.obj
 .debug_loclists
                0x00003dd2     0x24bd CMakeFiles/Main2.dir/C_/Users/V1n1Paz/.pico-sdk/sdk/2.1.0/src/common/pico_time/time.c.obj
 .debug_loclists
                0x0000628f     0x1a12 CMakeFiles/Main2.dir/C_/Users/V1n1Paz/.pico-sdk/sdk/2.1.0/src/rp2_common/hardware_timer/timer.c.obj
 .debug_loclists
                0x00007ca1     0x28a5 CMakeFiles/Main2.dir/C_/Users/V1n1Paz/.pico-sdk/sdk/2.1.0/src/rp2_common/hardware_clocks/clocks.c.obj
 .debug_loclists
                0x0000a546      0x1e0 CMakeFiles/Main2.dir/C_/Users/V1n1Paz/.pico-sdk/sdk/2.1.0/src/rp2_common/hardware_pll/pll.c.obj
 .debug_loclists
                0x0000a726       0x47 CMakeFiles/Main2.dir/C_/Users/V1n1Paz/.pico-sdk/sdk/2.1.0/src/rp2_common/hardware_ticks/ticks.c.obj
 .debug_loclists
                0x0000a76d      0x38a CMakeFiles/Main2.dir/C_/Users/V1n1Paz/.pico-sdk/sdk/2.1.0/src/rp2_common/pico_bootrom/bootrom.c.obj
 .debug_loclists
                0x0000aaf7       0x48 CMakeFiles/Main2.dir/C_/Users/V1n1Paz/.pico-sdk/sdk/2.1.0/src/rp2_common/hardware_xosc/xosc.c.obj
 .debug_loclists
                0x0000ab3f       0x7e CMakeFiles/Main2.dir/C_/Users/V1n1Paz/.pico-sdk/sdk/2.1.0/src/rp2_common/pico_runtime/runtime.c.obj
 .debug_loclists
                0x0000abbd       0xba CMakeFiles/Main2.dir/C_/Users/V1n1Paz/.pico-sdk/sdk/2.1.0/src/rp2_common/pico_runtime_init/runtime_init.c.obj
 .debug_loclists
                0x0000ac77       0x74 CMakeFiles/Main2.dir/C_/Users/V1n1Paz/.pico-sdk/sdk/2.1.0/src/rp2_common/pico_runtime_init/runtime_init_clocks.c.obj
 .debug_loclists
                0x0000aceb       0x35 CMakeFiles/Main2.dir/C_/Users/V1n1Paz/.pico-sdk/sdk/2.1.0/src/rp2_common/pico_double/double_init_rom_rp2040.c.obj
 .debug_loclists
                0x0000ad20       0x4e CMakeFiles/Main2.dir/C_/Users/V1n1Paz/.pico-sdk/sdk/2.1.0/src/rp2_common/pico_float/float_init_rom_rp2040.c.obj
 .debug_loclists
                0x0000ad6e     0x2f65 CMakeFiles/Main2.dir/C_/Users/V1n1Paz/.pico-sdk/sdk/2.1.0/src/rp2_common/pico_printf/printf.c.obj
 .debug_loclists
                0x0000dcd3      0x431 CMakeFiles/Main2.dir/C_/Users/V1n1Paz/.pico-sdk/sdk/2.1.0/src/rp2_common/pico_clib_interface/newlib_interface.c.obj
 .debug_loclists
                0x0000e104      0xe8b CMakeFiles/Main2.dir/C_/Users/V1n1Paz/.pico-sdk/sdk/2.1.0/src/rp2_common/pico_stdio/stdio.c.obj

.debug_aranges  0x00000000      0xd70
 .debug_aranges
                0x00000000       0x30 CMakeFiles/Main2.dir/Main2.c.obj
 .debug_aranges
                0x00000030      0x120 CMakeFiles/Main2.dir/C_/Users/V1n1Paz/.pico-sdk/sdk/2.1.0/src/rp2_common/hardware_gpio/gpio.c.obj
 .debug_aranges
                0x00000150       0x28 CMakeFiles/Main2.dir/C_/Users/V1n1Paz/.pico-sdk/sdk/2.1.0/src/rp2_common/pico_platform_panic/panic.c.obj
 .debug_aranges
                0x00000178       0x48 CMakeFiles/Main2.dir/C_/Users/V1n1Paz/.pico-sdk/sdk/2.1.0/src/common/hardware_claim/claim.c.obj
 .debug_aranges
                0x000001c0       0x48 CMakeFiles/Main2.dir/C_/Users/V1n1Paz/.pico-sdk/sdk/2.1.0/src/rp2_common/hardware_sync/sync.c.obj
 .debug_aranges
                0x00000208       0x28 CMakeFiles/Main2.dir/C_/Users/V1n1Paz/.pico-sdk/sdk/2.1.0/src/rp2_common/hardware_sync_spin_lock/sync_spin_lock.c.obj
 .debug_aranges
                0x00000230       0xb0 CMakeFiles/Main2.dir/C_/Users/V1n1Paz/.pico-sdk/sdk/2.1.0/src/rp2_common/hardware_irq/irq.c.obj
 .debug_aranges
                0x000002e0       0x20 CMakeFiles/Main2.dir/C_/Users/V1n1Paz/.pico-sdk/sdk/2.1.0/src/common/pico_sync/lock_core.c.obj
 .debug_aranges
                0x00000300       0x98 CMakeFiles/Main2.dir/C_/Users/V1n1Paz/.pico-sdk/sdk/2.1.0/src/common/pico_sync/mutex.c.obj
 .debug_aranges
                0x00000398       0xe0 CMakeFiles/Main2.dir/C_/Users/V1n1Paz/.pico-sdk/sdk/2.1.0/src/common/pico_time/time.c.obj
 .debug_aranges
                0x00000478       0xf0 CMakeFiles/Main2.dir/C_/Users/V1n1Paz/.pico-sdk/sdk/2.1.0/src/rp2_common/hardware_timer/timer.c.obj
 .debug_aranges
                0x00000568       0x90 CMakeFiles/Main2.dir/C_/Users/V1n1Paz/.pico-sdk/sdk/2.1.0/src/rp2_common/hardware_clocks/clocks.c.obj
 .debug_aranges
                0x000005f8       0x28 CMakeFiles/Main2.dir/C_/Users/V1n1Paz/.pico-sdk/sdk/2.1.0/src/rp2_common/hardware_pll/pll.c.obj
 .debug_aranges
                0x00000620       0x30 CMakeFiles/Main2.dir/C_/Users/V1n1Paz/.pico-sdk/sdk/2.1.0/src/rp2_common/hardware_ticks/ticks.c.obj
 .debug_aranges
                0x00000650       0x40 CMakeFiles/Main2.dir/C_/Users/V1n1Paz/.pico-sdk/sdk/2.1.0/src/rp2_common/pico_bootrom/bootrom.c.obj
 .debug_aranges
                0x00000690       0x30 CMakeFiles/Main2.dir/C_/Users/V1n1Paz/.pico-sdk/sdk/2.1.0/src/rp2_common/hardware_xosc/xosc.c.obj
 .debug_aranges
                0x000006c0       0x38 CMakeFiles/Main2.dir/C_/Users/V1n1Paz/.pico-sdk/sdk/2.1.0/src/rp2_common/pico_runtime/runtime.c.obj
 .debug_aranges
                0x000006f8       0x48 CMakeFiles/Main2.dir/C_/Users/V1n1Paz/.pico-sdk/sdk/2.1.0/src/rp2_common/pico_runtime_init/runtime_init.c.obj
 .debug_aranges
                0x00000740       0x20 CMakeFiles/Main2.dir/C_/Users/V1n1Paz/.pico-sdk/sdk/2.1.0/src/rp2_common/pico_runtime_init/runtime_init_clocks.c.obj
 .debug_aranges
                0x00000760       0x60 CMakeFiles/Main2.dir/C_/Users/V1n1Paz/.pico-sdk/sdk/2.1.0/src/rp2_common/pico_bit_ops/bit_ops_aeabi.S.obj
 .debug_aranges
                0x000007c0       0x40 CMakeFiles/Main2.dir/C_/Users/V1n1Paz/.pico-sdk/sdk/2.1.0/src/rp2_common/pico_divider/divider_hardware.S.obj
 .debug_aranges
                0x00000800      0x140 CMakeFiles/Main2.dir/C_/Users/V1n1Paz/.pico-sdk/sdk/2.1.0/src/rp2_common/pico_double/double_aeabi_rp2040.S.obj
 .debug_aranges
                0x00000940       0x28 CMakeFiles/Main2.dir/C_/Users/V1n1Paz/.pico-sdk/sdk/2.1.0/src/rp2_common/pico_double/double_init_rom_rp2040.c.obj
 .debug_aranges
                0x00000968       0x20 CMakeFiles/Main2.dir/C_/Users/V1n1Paz/.pico-sdk/sdk/2.1.0/src/rp2_common/pico_double/double_v1_rom_shim_rp2040.S.obj
 .debug_aranges
                0x00000988       0x20 CMakeFiles/Main2.dir/C_/Users/V1n1Paz/.pico-sdk/sdk/2.1.0/src/rp2_common/pico_int64_ops/pico_int64_ops_aeabi.S.obj
 .debug_aranges
                0x000009a8      0x130 CMakeFiles/Main2.dir/C_/Users/V1n1Paz/.pico-sdk/sdk/2.1.0/src/rp2_common/pico_float/float_aeabi_rp2040.S.obj
 .debug_aranges
                0x00000ad8       0x28 CMakeFiles/Main2.dir/C_/Users/V1n1Paz/.pico-sdk/sdk/2.1.0/src/rp2_common/pico_float/float_init_rom_rp2040.c.obj
 .debug_aranges
                0x00000b00       0x38 CMakeFiles/Main2.dir/C_/Users/V1n1Paz/.pico-sdk/sdk/2.1.0/src/rp2_common/pico_mem_ops/mem_ops_aeabi.S.obj
 .debug_aranges
                0x00000b38       0x18 CMakeFiles/Main2.dir/C_/Users/V1n1Paz/.pico-sdk/sdk/2.1.0/src/rp2_common/pico_standard_binary_info/standard_binary_info.c.obj
 .debug_aranges
                0x00000b50       0x90 CMakeFiles/Main2.dir/C_/Users/V1n1Paz/.pico-sdk/sdk/2.1.0/src/rp2_common/pico_printf/printf.c.obj
 .debug_aranges
                0x00000be0       0x28 CMakeFiles/Main2.dir/C_/Users/V1n1Paz/.pico-sdk/sdk/2.1.0/src/rp2_common/pico_crt0/crt0.S.obj
 .debug_aranges
                0x00000c08       0xa0 CMakeFiles/Main2.dir/C_/Users/V1n1Paz/.pico-sdk/sdk/2.1.0/src/rp2_common/pico_clib_interface/newlib_interface.c.obj
 .debug_aranges
                0x00000ca8       0xc8 CMakeFiles/Main2.dir/C_/Users/V1n1Paz/.pico-sdk/sdk/2.1.0/src/rp2_common/pico_stdio/stdio.c.obj

.debug_rnglists
                0x00000000     0x2866
 .debug_rnglists
                0x00000000       0xeb CMakeFiles/Main2.dir/Main2.c.obj
 .debug_rnglists
                0x000000eb      0x5c7 CMakeFiles/Main2.dir/C_/Users/V1n1Paz/.pico-sdk/sdk/2.1.0/src/rp2_common/hardware_gpio/gpio.c.obj
 .debug_rnglists
                0x000006b2       0x19 CMakeFiles/Main2.dir/C_/Users/V1n1Paz/.pico-sdk/sdk/2.1.0/src/rp2_common/pico_platform_panic/panic.c.obj
 .debug_rnglists
                0x000006cb       0xc5 CMakeFiles/Main2.dir/C_/Users/V1n1Paz/.pico-sdk/sdk/2.1.0/src/common/hardware_claim/claim.c.obj
 .debug_rnglists
                0x00000790       0x67 CMakeFiles/Main2.dir/C_/Users/V1n1Paz/.pico-sdk/sdk/2.1.0/src/rp2_common/hardware_sync/sync.c.obj
 .debug_rnglists
                0x000007f7       0x3d CMakeFiles/Main2.dir/C_/Users/V1n1Paz/.pico-sdk/sdk/2.1.0/src/rp2_common/hardware_sync_spin_lock/sync_spin_lock.c.obj
 .debug_rnglists
                0x00000834      0x355 CMakeFiles/Main2.dir/C_/Users/V1n1Paz/.pico-sdk/sdk/2.1.0/src/rp2_common/hardware_irq/irq.c.obj
 .debug_rnglists
                0x00000b89       0x1f CMakeFiles/Main2.dir/C_/Users/V1n1Paz/.pico-sdk/sdk/2.1.0/src/common/pico_sync/lock_core.c.obj
 .debug_rnglists
                0x00000ba8      0x32c CMakeFiles/Main2.dir/C_/Users/V1n1Paz/.pico-sdk/sdk/2.1.0/src/common/pico_sync/mutex.c.obj
 .debug_rnglists
                0x00000ed4      0x77c CMakeFiles/Main2.dir/C_/Users/V1n1Paz/.pico-sdk/sdk/2.1.0/src/common/pico_time/time.c.obj
 .debug_rnglists
                0x00001650      0x2c6 CMakeFiles/Main2.dir/C_/Users/V1n1Paz/.pico-sdk/sdk/2.1.0/src/rp2_common/hardware_timer/timer.c.obj
 .debug_rnglists
                0x00001916      0x4ad CMakeFiles/Main2.dir/C_/Users/V1n1Paz/.pico-sdk/sdk/2.1.0/src/rp2_common/hardware_clocks/clocks.c.obj
 .debug_rnglists
                0x00001dc3       0x5c CMakeFiles/Main2.dir/C_/Users/V1n1Paz/.pico-sdk/sdk/2.1.0/src/rp2_common/hardware_pll/pll.c.obj
 .debug_rnglists
                0x00001e1f       0x2b CMakeFiles/Main2.dir/C_/Users/V1n1Paz/.pico-sdk/sdk/2.1.0/src/rp2_common/hardware_ticks/ticks.c.obj
 .debug_rnglists
                0x00001e4a      0x10c CMakeFiles/Main2.dir/C_/Users/V1n1Paz/.pico-sdk/sdk/2.1.0/src/rp2_common/pico_bootrom/bootrom.c.obj
 .debug_rnglists
                0x00001f56       0x2b CMakeFiles/Main2.dir/C_/Users/V1n1Paz/.pico-sdk/sdk/2.1.0/src/rp2_common/hardware_xosc/xosc.c.obj
 .debug_rnglists
                0x00001f81       0x3d CMakeFiles/Main2.dir/C_/Users/V1n1Paz/.pico-sdk/sdk/2.1.0/src/rp2_common/pico_runtime/runtime.c.obj
 .debug_rnglists
                0x00001fbe       0x49 CMakeFiles/Main2.dir/C_/Users/V1n1Paz/.pico-sdk/sdk/2.1.0/src/rp2_common/pico_runtime_init/runtime_init.c.obj
 .debug_rnglists
                0x00002007       0x20 CMakeFiles/Main2.dir/C_/Users/V1n1Paz/.pico-sdk/sdk/2.1.0/src/rp2_common/pico_runtime_init/runtime_init_clocks.c.obj
 .debug_rnglists
                0x00002027       0x43 CMakeFiles/Main2.dir/C_/Users/V1n1Paz/.pico-sdk/sdk/2.1.0/src/rp2_common/pico_bit_ops/bit_ops_aeabi.S.obj
 .debug_rnglists
                0x0000206a       0x2c CMakeFiles/Main2.dir/C_/Users/V1n1Paz/.pico-sdk/sdk/2.1.0/src/rp2_common/pico_divider/divider_hardware.S.obj
 .debug_rnglists
                0x00002096       0xec CMakeFiles/Main2.dir/C_/Users/V1n1Paz/.pico-sdk/sdk/2.1.0/src/rp2_common/pico_double/double_aeabi_rp2040.S.obj
 .debug_rnglists
                0x00002182       0x1a CMakeFiles/Main2.dir/C_/Users/V1n1Paz/.pico-sdk/sdk/2.1.0/src/rp2_common/pico_double/double_init_rom_rp2040.c.obj
 .debug_rnglists
                0x0000219c       0xdf CMakeFiles/Main2.dir/C_/Users/V1n1Paz/.pico-sdk/sdk/2.1.0/src/rp2_common/pico_float/float_aeabi_rp2040.S.obj
 .debug_rnglists
                0x0000227b       0x19 CMakeFiles/Main2.dir/C_/Users/V1n1Paz/.pico-sdk/sdk/2.1.0/src/rp2_common/pico_float/float_init_rom_rp2040.c.obj
 .debug_rnglists
                0x00002294       0x25 CMakeFiles/Main2.dir/C_/Users/V1n1Paz/.pico-sdk/sdk/2.1.0/src/rp2_common/pico_mem_ops/mem_ops_aeabi.S.obj
 .debug_rnglists
                0x000022b9      0x27c CMakeFiles/Main2.dir/C_/Users/V1n1Paz/.pico-sdk/sdk/2.1.0/src/rp2_common/pico_printf/printf.c.obj
 .debug_rnglists
                0x00002535       0x1b CMakeFiles/Main2.dir/C_/Users/V1n1Paz/.pico-sdk/sdk/2.1.0/src/rp2_common/pico_crt0/crt0.S.obj
 .debug_rnglists
                0x00002550       0x7f CMakeFiles/Main2.dir/C_/Users/V1n1Paz/.pico-sdk/sdk/2.1.0/src/rp2_common/pico_clib_interface/newlib_interface.c.obj
 .debug_rnglists
                0x000025cf      0x297 CMakeFiles/Main2.dir/C_/Users/V1n1Paz/.pico-sdk/sdk/2.1.0/src/rp2_common/pico_stdio/stdio.c.obj

.debug_line     0x00000000    0x14978
 .debug_line    0x00000000      0x63c CMakeFiles/Main2.dir/Main2.c.obj
 .debug_line    0x0000063c     0x1cab CMakeFiles/Main2.dir/C_/Users/V1n1Paz/.pico-sdk/sdk/2.1.0/src/rp2_common/hardware_gpio/gpio.c.obj
 .debug_line    0x000022e7      0x296 CMakeFiles/Main2.dir/C_/Users/V1n1Paz/.pico-sdk/sdk/2.1.0/src/rp2_common/pico_platform_panic/panic.c.obj
 .debug_line    0x0000257d      0x944 CMakeFiles/Main2.dir/C_/Users/V1n1Paz/.pico-sdk/sdk/2.1.0/src/common/hardware_claim/claim.c.obj
 .debug_line    0x00002ec1      0x4e2 CMakeFiles/Main2.dir/C_/Users/V1n1Paz/.pico-sdk/sdk/2.1.0/src/rp2_common/hardware_sync/sync.c.obj
 .debug_line    0x000033a3      0x3c8 CMakeFiles/Main2.dir/C_/Users/V1n1Paz/.pico-sdk/sdk/2.1.0/src/rp2_common/hardware_sync_spin_lock/sync_spin_lock.c.obj
 .debug_line    0x0000376b     0x172e CMakeFiles/Main2.dir/C_/Users/V1n1Paz/.pico-sdk/sdk/2.1.0/src/rp2_common/hardware_irq/irq.c.obj
 .debug_line    0x00004e99      0x2f3 CMakeFiles/Main2.dir/C_/Users/V1n1Paz/.pico-sdk/sdk/2.1.0/src/common/pico_sync/lock_core.c.obj
 .debug_line    0x0000518c     0x1b40 CMakeFiles/Main2.dir/C_/Users/V1n1Paz/.pico-sdk/sdk/2.1.0/src/common/pico_sync/mutex.c.obj
 .debug_line    0x00006ccc     0x315a CMakeFiles/Main2.dir/C_/Users/V1n1Paz/.pico-sdk/sdk/2.1.0/src/common/pico_time/time.c.obj
 .debug_line    0x00009e26     0x1d4e CMakeFiles/Main2.dir/C_/Users/V1n1Paz/.pico-sdk/sdk/2.1.0/src/rp2_common/hardware_timer/timer.c.obj
 .debug_line    0x0000bb74     0x1e28 CMakeFiles/Main2.dir/C_/Users/V1n1Paz/.pico-sdk/sdk/2.1.0/src/rp2_common/hardware_clocks/clocks.c.obj
 .debug_line    0x0000d99c      0x512 CMakeFiles/Main2.dir/C_/Users/V1n1Paz/.pico-sdk/sdk/2.1.0/src/rp2_common/hardware_pll/pll.c.obj
 .debug_line    0x0000deae      0x352 CMakeFiles/Main2.dir/C_/Users/V1n1Paz/.pico-sdk/sdk/2.1.0/src/rp2_common/hardware_ticks/ticks.c.obj
 .debug_line    0x0000e200      0x483 CMakeFiles/Main2.dir/C_/Users/V1n1Paz/.pico-sdk/sdk/2.1.0/src/rp2_common/pico_bootrom/bootrom.c.obj
 .debug_line    0x0000e683      0x36b CMakeFiles/Main2.dir/C_/Users/V1n1Paz/.pico-sdk/sdk/2.1.0/src/rp2_common/hardware_xosc/xosc.c.obj
 .debug_line    0x0000e9ee      0x325 CMakeFiles/Main2.dir/C_/Users/V1n1Paz/.pico-sdk/sdk/2.1.0/src/rp2_common/pico_runtime/runtime.c.obj
 .debug_line    0x0000ed13      0x554 CMakeFiles/Main2.dir/C_/Users/V1n1Paz/.pico-sdk/sdk/2.1.0/src/rp2_common/pico_runtime_init/runtime_init.c.obj
 .debug_line    0x0000f267      0x57f CMakeFiles/Main2.dir/C_/Users/V1n1Paz/.pico-sdk/sdk/2.1.0/src/rp2_common/pico_runtime_init/runtime_init_clocks.c.obj
 .debug_line    0x0000f7e6      0x107 CMakeFiles/Main2.dir/C_/Users/V1n1Paz/.pico-sdk/sdk/2.1.0/src/rp2_common/pico_bit_ops/bit_ops_aeabi.S.obj
 .debug_line    0x0000f8ed      0x2a9 CMakeFiles/Main2.dir/C_/Users/V1n1Paz/.pico-sdk/sdk/2.1.0/src/rp2_common/pico_divider/divider_hardware.S.obj
 .debug_line    0x0000fb96      0x3f3 CMakeFiles/Main2.dir/C_/Users/V1n1Paz/.pico-sdk/sdk/2.1.0/src/rp2_common/pico_double/double_aeabi_rp2040.S.obj
 .debug_line    0x0000ff89      0x57a CMakeFiles/Main2.dir/C_/Users/V1n1Paz/.pico-sdk/sdk/2.1.0/src/rp2_common/pico_double/double_init_rom_rp2040.c.obj
 .debug_line    0x00010503       0x5d CMakeFiles/Main2.dir/C_/Users/V1n1Paz/.pico-sdk/sdk/2.1.0/src/rp2_common/pico_double/double_v1_rom_shim_rp2040.S.obj
 .debug_line    0x00010560       0x61 CMakeFiles/Main2.dir/C_/Users/V1n1Paz/.pico-sdk/sdk/2.1.0/src/rp2_common/pico_int64_ops/pico_int64_ops_aeabi.S.obj
 .debug_line    0x000105c1      0x3a8 CMakeFiles/Main2.dir/C_/Users/V1n1Paz/.pico-sdk/sdk/2.1.0/src/rp2_common/pico_float/float_aeabi_rp2040.S.obj
 .debug_line    0x00010969      0x436 CMakeFiles/Main2.dir/C_/Users/V1n1Paz/.pico-sdk/sdk/2.1.0/src/rp2_common/pico_float/float_init_rom_rp2040.c.obj
 .debug_line    0x00010d9f       0x94 CMakeFiles/Main2.dir/C_/Users/V1n1Paz/.pico-sdk/sdk/2.1.0/src/rp2_common/pico_mem_ops/mem_ops_aeabi.S.obj
 .debug_line    0x00010e33      0x1ff CMakeFiles/Main2.dir/C_/Users/V1n1Paz/.pico-sdk/sdk/2.1.0/src/rp2_common/pico_standard_binary_info/standard_binary_info.c.obj
 .debug_line    0x00011032     0x1b9d CMakeFiles/Main2.dir/C_/Users/V1n1Paz/.pico-sdk/sdk/2.1.0/src/rp2_common/pico_printf/printf.c.obj
 .debug_line    0x00012bcf       0xa5 CMakeFiles/Main2.dir/C_/Users/V1n1Paz/.pico-sdk/sdk/2.1.0/src/rp2_common/pico_crt0/crt0.S.obj
 .debug_line    0x00012c74      0x888 CMakeFiles/Main2.dir/C_/Users/V1n1Paz/.pico-sdk/sdk/2.1.0/src/rp2_common/pico_clib_interface/newlib_interface.c.obj
 .debug_line    0x000134fc     0x147c CMakeFiles/Main2.dir/C_/Users/V1n1Paz/.pico-sdk/sdk/2.1.0/src/rp2_common/pico_stdio/stdio.c.obj

.debug_str      0x00000000     0x4093
 .debug_str     0x00000000     0x4093 CMakeFiles/Main2.dir/Main2.c.obj
                                0x412 (size before relaxing)
 .debug_str     0x00004093      0xc6a CMakeFiles/Main2.dir/C_/Users/V1n1Paz/.pico-sdk/sdk/2.1.0/src/rp2_common/hardware_gpio/gpio.c.obj
 .debug_str     0x00004093      0x1f5 CMakeFiles/Main2.dir/C_/Users/V1n1Paz/.pico-sdk/sdk/2.1.0/src/rp2_common/pico_platform_panic/panic.c.obj
 .debug_str     0x00004093      0x378 CMakeFiles/Main2.dir/C_/Users/V1n1Paz/.pico-sdk/sdk/2.1.0/src/common/hardware_claim/claim.c.obj
 .debug_str     0x00004093      0x321 CMakeFiles/Main2.dir/C_/Users/V1n1Paz/.pico-sdk/sdk/2.1.0/src/rp2_common/hardware_sync/sync.c.obj
 .debug_str     0x00004093      0x234 CMakeFiles/Main2.dir/C_/Users/V1n1Paz/.pico-sdk/sdk/2.1.0/src/rp2_common/hardware_sync_spin_lock/sync_spin_lock.c.obj
 .debug_str     0x00004093      0xa58 CMakeFiles/Main2.dir/C_/Users/V1n1Paz/.pico-sdk/sdk/2.1.0/src/rp2_common/hardware_irq/irq.c.obj
 .debug_str     0x00004093      0x200 CMakeFiles/Main2.dir/C_/Users/V1n1Paz/.pico-sdk/sdk/2.1.0/src/common/pico_sync/lock_core.c.obj
 .debug_str     0x00004093      0x793 CMakeFiles/Main2.dir/C_/Users/V1n1Paz/.pico-sdk/sdk/2.1.0/src/common/pico_sync/mutex.c.obj
 .debug_str     0x00004093     0x1190 CMakeFiles/Main2.dir/C_/Users/V1n1Paz/.pico-sdk/sdk/2.1.0/src/common/pico_time/time.c.obj
 .debug_str     0x00004093      0x9db CMakeFiles/Main2.dir/C_/Users/V1n1Paz/.pico-sdk/sdk/2.1.0/src/rp2_common/hardware_timer/timer.c.obj
 .debug_str     0x00004093      0x98a CMakeFiles/Main2.dir/C_/Users/V1n1Paz/.pico-sdk/sdk/2.1.0/src/rp2_common/hardware_clocks/clocks.c.obj
 .debug_str     0x00004093      0x453 CMakeFiles/Main2.dir/C_/Users/V1n1Paz/.pico-sdk/sdk/2.1.0/src/rp2_common/hardware_pll/pll.c.obj
 .debug_str     0x00004093      0x282 CMakeFiles/Main2.dir/C_/Users/V1n1Paz/.pico-sdk/sdk/2.1.0/src/rp2_common/hardware_ticks/ticks.c.obj
 .debug_str     0x00004093      0x330 CMakeFiles/Main2.dir/C_/Users/V1n1Paz/.pico-sdk/sdk/2.1.0/src/rp2_common/pico_bootrom/bootrom.c.obj
 .debug_str     0x00004093      0x237 CMakeFiles/Main2.dir/C_/Users/V1n1Paz/.pico-sdk/sdk/2.1.0/src/rp2_common/hardware_xosc/xosc.c.obj
 .debug_str     0x00004093      0x287 CMakeFiles/Main2.dir/C_/Users/V1n1Paz/.pico-sdk/sdk/2.1.0/src/rp2_common/pico_runtime/runtime.c.obj
 .debug_str     0x00004093      0x77b CMakeFiles/Main2.dir/C_/Users/V1n1Paz/.pico-sdk/sdk/2.1.0/src/rp2_common/pico_runtime_init/runtime_init.c.obj
 .debug_str     0x00004093      0x48f CMakeFiles/Main2.dir/C_/Users/V1n1Paz/.pico-sdk/sdk/2.1.0/src/rp2_common/pico_runtime_init/runtime_init_clocks.c.obj
 .debug_str     0x00004093       0x7f CMakeFiles/Main2.dir/C_/Users/V1n1Paz/.pico-sdk/sdk/2.1.0/src/rp2_common/pico_bit_ops/bit_ops_aeabi.S.obj
 .debug_str     0x00004093       0x82 CMakeFiles/Main2.dir/C_/Users/V1n1Paz/.pico-sdk/sdk/2.1.0/src/rp2_common/pico_divider/divider_hardware.S.obj
 .debug_str     0x00004093       0x84 CMakeFiles/Main2.dir/C_/Users/V1n1Paz/.pico-sdk/sdk/2.1.0/src/rp2_common/pico_double/double_aeabi_rp2040.S.obj
 .debug_str     0x00004093      0x2d6 CMakeFiles/Main2.dir/C_/Users/V1n1Paz/.pico-sdk/sdk/2.1.0/src/rp2_common/pico_double/double_init_rom_rp2040.c.obj
 .debug_str     0x00004093       0x8a CMakeFiles/Main2.dir/C_/Users/V1n1Paz/.pico-sdk/sdk/2.1.0/src/rp2_common/pico_double/double_v1_rom_shim_rp2040.S.obj
 .debug_str     0x00004093       0x88 CMakeFiles/Main2.dir/C_/Users/V1n1Paz/.pico-sdk/sdk/2.1.0/src/rp2_common/pico_int64_ops/pico_int64_ops_aeabi.S.obj
 .debug_str     0x00004093       0x82 CMakeFiles/Main2.dir/C_/Users/V1n1Paz/.pico-sdk/sdk/2.1.0/src/rp2_common/pico_float/float_aeabi_rp2040.S.obj
 .debug_str     0x00004093      0x29b CMakeFiles/Main2.dir/C_/Users/V1n1Paz/.pico-sdk/sdk/2.1.0/src/rp2_common/pico_float/float_init_rom_rp2040.c.obj
 .debug_str     0x00004093       0x7f CMakeFiles/Main2.dir/C_/Users/V1n1Paz/.pico-sdk/sdk/2.1.0/src/rp2_common/pico_mem_ops/mem_ops_aeabi.S.obj
 .debug_str     0x00004093      0x430 CMakeFiles/Main2.dir/C_/Users/V1n1Paz/.pico-sdk/sdk/2.1.0/src/rp2_common/pico_standard_binary_info/standard_binary_info.c.obj
 .debug_str     0x00004093      0x4ca CMakeFiles/Main2.dir/C_/Users/V1n1Paz/.pico-sdk/sdk/2.1.0/src/rp2_common/pico_printf/printf.c.obj
 .debug_str     0x00004093       0x73 CMakeFiles/Main2.dir/C_/Users/V1n1Paz/.pico-sdk/sdk/2.1.0/src/rp2_common/pico_crt0/crt0.S.obj
 .debug_str     0x00004093      0x715 CMakeFiles/Main2.dir/C_/Users/V1n1Paz/.pico-sdk/sdk/2.1.0/src/rp2_common/pico_clib_interface/newlib_interface.c.obj
 .debug_str     0x00004093      0xab9 CMakeFiles/Main2.dir/C_/Users/V1n1Paz/.pico-sdk/sdk/2.1.0/src/rp2_common/pico_stdio/stdio.c.obj

.debug_frame    0x00000000     0x19b4
 .debug_frame   0x00000000       0x60 CMakeFiles/Main2.dir/Main2.c.obj
 .debug_frame   0x00000060      0x330 CMakeFiles/Main2.dir/C_/Users/V1n1Paz/.pico-sdk/sdk/2.1.0/src/rp2_common/hardware_gpio/gpio.c.obj
 .debug_frame   0x00000390       0x44 CMakeFiles/Main2.dir/C_/Users/V1n1Paz/.pico-sdk/sdk/2.1.0/src/rp2_common/pico_platform_panic/panic.c.obj
 .debug_frame   0x000003d4       0xa0 CMakeFiles/Main2.dir/C_/Users/V1n1Paz/.pico-sdk/sdk/2.1.0/src/common/hardware_claim/claim.c.obj
 .debug_frame   0x00000474       0xa8 CMakeFiles/Main2.dir/C_/Users/V1n1Paz/.pico-sdk/sdk/2.1.0/src/rp2_common/hardware_sync/sync.c.obj
 .debug_frame   0x0000051c       0x30 CMakeFiles/Main2.dir/C_/Users/V1n1Paz/.pico-sdk/sdk/2.1.0/src/rp2_common/hardware_sync_spin_lock/sync_spin_lock.c.obj
 .debug_frame   0x0000054c      0x1bc CMakeFiles/Main2.dir/C_/Users/V1n1Paz/.pico-sdk/sdk/2.1.0/src/rp2_common/hardware_irq/irq.c.obj
 .debug_frame   0x00000708       0x20 CMakeFiles/Main2.dir/C_/Users/V1n1Paz/.pico-sdk/sdk/2.1.0/src/common/pico_sync/lock_core.c.obj
 .debug_frame   0x00000728      0x1e0 CMakeFiles/Main2.dir/C_/Users/V1n1Paz/.pico-sdk/sdk/2.1.0/src/common/pico_sync/mutex.c.obj
 .debug_frame   0x00000908      0x2d0 CMakeFiles/Main2.dir/C_/Users/V1n1Paz/.pico-sdk/sdk/2.1.0/src/common/pico_time/time.c.obj
 .debug_frame   0x00000bd8      0x2c0 CMakeFiles/Main2.dir/C_/Users/V1n1Paz/.pico-sdk/sdk/2.1.0/src/rp2_common/hardware_timer/timer.c.obj
 .debug_frame   0x00000e98      0x1f0 CMakeFiles/Main2.dir/C_/Users/V1n1Paz/.pico-sdk/sdk/2.1.0/src/rp2_common/hardware_clocks/clocks.c.obj
 .debug_frame   0x00001088       0x40 CMakeFiles/Main2.dir/C_/Users/V1n1Paz/.pico-sdk/sdk/2.1.0/src/rp2_common/hardware_pll/pll.c.obj
 .debug_frame   0x000010c8       0x40 CMakeFiles/Main2.dir/C_/Users/V1n1Paz/.pico-sdk/sdk/2.1.0/src/rp2_common/hardware_ticks/ticks.c.obj
 .debug_frame   0x00001108       0xa0 CMakeFiles/Main2.dir/C_/Users/V1n1Paz/.pico-sdk/sdk/2.1.0/src/rp2_common/pico_bootrom/bootrom.c.obj
 .debug_frame   0x000011a8       0x40 CMakeFiles/Main2.dir/C_/Users/V1n1Paz/.pico-sdk/sdk/2.1.0/src/rp2_common/hardware_xosc/xosc.c.obj
 .debug_frame   0x000011e8       0x70 CMakeFiles/Main2.dir/C_/Users/V1n1Paz/.pico-sdk/sdk/2.1.0/src/rp2_common/pico_runtime/runtime.c.obj
 .debug_frame   0x00001258       0x84 CMakeFiles/Main2.dir/C_/Users/V1n1Paz/.pico-sdk/sdk/2.1.0/src/rp2_common/pico_runtime_init/runtime_init.c.obj
 .debug_frame   0x000012dc       0x2c CMakeFiles/Main2.dir/C_/Users/V1n1Paz/.pico-sdk/sdk/2.1.0/src/rp2_common/pico_runtime_init/runtime_init_clocks.c.obj
 .debug_frame   0x00001308       0x44 CMakeFiles/Main2.dir/C_/Users/V1n1Paz/.pico-sdk/sdk/2.1.0/src/rp2_common/pico_double/double_init_rom_rp2040.c.obj
 .debug_frame   0x0000134c       0x40 CMakeFiles/Main2.dir/C_/Users/V1n1Paz/.pico-sdk/sdk/2.1.0/src/rp2_common/pico_float/float_init_rom_rp2040.c.obj
 .debug_frame   0x0000138c      0x1ec CMakeFiles/Main2.dir/C_/Users/V1n1Paz/.pico-sdk/sdk/2.1.0/src/rp2_common/pico_printf/printf.c.obj
 .debug_frame   0x00001578      0x174 CMakeFiles/Main2.dir/C_/Users/V1n1Paz/.pico-sdk/sdk/2.1.0/src/rp2_common/pico_clib_interface/newlib_interface.c.obj
 .debug_frame   0x000016ec      0x2a0 CMakeFiles/Main2.dir/C_/Users/V1n1Paz/.pico-sdk/sdk/2.1.0/src/rp2_common/pico_stdio/stdio.c.obj
 .debug_frame   0x0000198c       0x28 C:/Users/V1n1Paz/.pico-sdk/toolchain/13_3_Rel1/bin/../lib/gcc/arm-none-eabi/13.3.1/thumb/v6-m/nofp\libg.a(libc_a-strlen-stub.o)

.debug_line_str
                0x00000000      0x344
 .debug_line_str